2025-06-09 03:24:33,008 - INFO - Found 111 columns in dataset
2025-06-09 03:24:33,009 - INFO - Starting cleaning pipeline
2025-06-09 03:24:33,186 - INFO - Removed 46 columns: {'cf', 'dob', 'rdm', 'rf', 'club_contract_valid_until', 'lm', 'rb', 'lw', 'lam', 'lwb', 'rwb', 'ram', 'rw', 'lb', 'club_joined', 'player_url', 'real_face', 'lcb', 'club_team_id', 'rcb', 'nation_logo_url', 'club_jersey_number', 'lf', 'lcm', 'rcm', 'st', 'player_tags', 'ls', 'nationality_id', 'player_face_url', 'nation_flag_url', 'ldm', 'cb', 'club_flag_url', 'player_traits', 'club_logo_url', 'nation_team_id', 'release_clause_eur', 'rs', 'nation_jersey_number', 'rm', 'long_name', 'cam', 'cdm', 'cm', 'gk'}
2025-06-09 03:24:33,287 - INFO - Standardized data types
2025-06-09 03:24:33,465 - INFO - Removed 0 rows missing targets
2025-06-09 03:24:36,609 - INFO - Handled missing data
2025-06-09 03:24:36,864 - INFO - Cleaned categorical features
2025-06-09 03:24:36,880 - INFO - Cleaned numeric features
2025-06-09 03:24:37,237 - INFO - Cleaned 45 player attributes
2025-06-09 03:24:37,258 - INFO - Validated target variables
2025-06-09 03:24:37,530 - INFO - Removed 0 duplicate entries
2025-06-09 03:24:37,744 - INFO - Removed 3 low-quality columns
2025-06-09 03:24:38,269 - INFO - Optimized memory usage
2025-06-09 03:24:38,269 - INFO - Final quality checks complete
2025-06-09 03:24:38,269 - INFO - Successfully cleaned 142079 records
2025-06-09 03:47:46,581 - INFO - Found 111 columns in dataset
2025-06-09 03:47:46,584 - INFO - Starting cleaning pipeline
2025-06-09 03:47:46,752 - INFO - Removed 46 columns: {'rcb', 'club_team_id', 'rm', 'club_contract_valid_until', 'player_tags', 'lwb', 'real_face', 'nation_flag_url', 'ram', 'rf', 'lb', 'nation_jersey_number', 'long_name', 'ls', 'rwb', 'club_flag_url', 'lam', 'rb', 'release_clause_eur', 'rdm', 'cm', 'player_url', 'dob', 'lcb', 'gk', 'lcm', 'player_face_url', 'club_jersey_number', 'rcm', 'player_traits', 'lm', 'rs', 'cb', 'club_logo_url', 'cdm', 'rw', 'cf', 'ldm', 'club_joined', 'nation_logo_url', 'cam', 'nationality_id', 'st', 'lf', 'lw', 'nation_team_id'}
2025-06-09 03:47:46,838 - INFO - Standardized data types
2025-06-09 03:47:46,954 - INFO - Removed 0 rows missing targets
2025-06-09 03:47:50,568 - INFO - Handled missing data
2025-06-09 03:47:50,940 - INFO - Cleaned categorical features
2025-06-09 03:47:50,961 - INFO - Cleaned numeric features
2025-06-09 03:47:51,240 - INFO - Cleaned 45 player attributes
2025-06-09 03:47:51,273 - INFO - Validated target variables
2025-06-09 03:47:51,483 - INFO - Removed 0 duplicate entries
2025-06-09 03:47:51,752 - INFO - Removed 3 low-quality columns
2025-06-09 03:47:52,253 - INFO - Optimized memory usage
2025-06-09 03:47:52,253 - INFO - Final quality checks complete
2025-06-09 03:47:52,253 - INFO - Successfully cleaned 142079 records
2025-06-12 03:10:28,511 - INFO - Found 111 columns in dataset
2025-06-12 03:10:28,513 - INFO - Starting cleaning pipeline
2025-06-12 03:10:28,634 - ERROR - Cleaning failed: 'FIFADataCleaner' object has no attribute '_report_missing_values'
2025-06-12 03:10:28,635 - ERROR - Failed to clean data: 'FIFADataCleaner' object has no attribute '_report_missing_values'
2025-06-12 03:19:39,142 - INFO - Found 111 columns in dataset
2025-06-12 03:19:39,144 - INFO - Starting cleaning pipeline
2025-06-12 03:19:39,895 - WARNING - Initial missing values report:
2025-06-12 03:19:39,897 - WARNING - value_eur                      1897
wage_eur                       1622
club_team_id                   1630
club_name                      1630
league_name                    1630
league_level                   2015
club_position                  1630
club_jersey_number             1630
club_loaned_from             133774
club_joined                    9935
club_contract_valid_until      1630
nation_team_id               133635
nation_position              133635
nation_jersey_number         133635
release_clause_eur            55582
player_tags                  130765
player_traits                 78771
pace                          15791
shooting                      15791
passing                       15791
dribbling                     15791
defending                     15791
physic                        15791
mentality_composure           31778
goalkeeping_speed            126288
lw                              633
rw                              633
club_logo_url                  1630
club_flag_url                  1630
nation_logo_url              133635
dtype: int64
2025-06-12 03:19:43,607 - INFO - Handled missing data
2025-06-12 03:19:48,191 - INFO - Handled missing data
2025-06-12 03:19:48,304 - INFO - Removed 46 columns: {'club_team_id', 'rm', 'club_jersey_number', 'long_name', 'rdm', 'rb', 'cdm', 'lwb', 'dob', 'st', 'player_tags', 'nation_team_id', 'rwb', 'rcb', 'ldm', 'cf', 'cam', 'club_joined', 'lcb', 'player_traits', 'release_clause_eur', 'nation_jersey_number', 'nation_logo_url', 'lcm', 'lw', 'ram', 'lm', 'gk', 'cb', 'lam', 'nation_flag_url', 'rs', 'club_contract_valid_until', 'lf', 'cm', 'rf', 'ls', 'player_face_url', 'club_flag_url', 'lb', 'rw', 'real_face', 'nationality_id', 'club_logo_url', 'player_url', 'rcm'}
2025-06-12 03:19:48,383 - INFO - Standardized data types
2025-06-12 03:19:48,551 - INFO - Removed 0 rows missing targets
2025-06-12 03:19:48,840 - INFO - Filled remaining NaNs
2025-06-12 03:19:49,222 - INFO - Cleaned categorical features
2025-06-12 03:19:49,241 - INFO - Cleaned numeric features
2025-06-12 03:19:49,670 - INFO - Cleaned 45 player attributes
2025-06-12 03:19:49,695 - INFO - Validated target variables
2025-06-12 03:19:49,987 - INFO - Removed 0 duplicate entries
2025-06-12 03:19:50,288 - INFO - Removed 0 low-quality columns
2025-06-12 03:19:50,905 - INFO - Optimized memory usage
2025-06-12 03:19:50,907 - INFO - Final quality checks complete
2025-06-12 03:19:50,986 - INFO - No missing values at Final stage
2025-06-12 03:19:54,824 - INFO - Handled missing data
2025-06-12 03:20:01,015 - INFO - Handled missing data
2025-06-12 03:20:01,018 - INFO - Successfully cleaned 142079 records
2025-06-12 14:05:00,778 - INFO - Found 111 columns in dataset
2025-06-12 14:05:00,778 - ERROR - Failed to clean data: Missing required columns: ['potentialvalue_eur']
2025-06-12 14:14:33,774 - INFO - Found 111 columns in dataset
2025-06-12 14:14:33,776 - ERROR - Failed to clean data: Missing required columns: ['potentialvalue_eur']
2025-06-12 14:21:21,771 - INFO - Found 111 columns in dataset
2025-06-12 14:21:21,771 - INFO - Starting cleaning pipeline
2025-06-12 14:21:21,865 - ERROR - Cleaning failed: 'FIFADataCleaner' object has no attribute '_report_missing_values'
2025-06-12 14:21:21,867 - ERROR - Failed to clean data: 'FIFADataCleaner' object has no attribute '_report_missing_values'
2025-06-12 14:29:17,090 - INFO - Found 111 columns in dataset
2025-06-12 14:29:17,106 - INFO - Starting cleaning pipeline
2025-06-12 14:29:17,189 - ERROR - Cleaning failed: 'FIFADataCleaner' object has no attribute '_report_missing_values'
2025-06-12 14:29:17,190 - ERROR - Failed to clean data: 'FIFADataCleaner' object has no attribute '_report_missing_values'
2025-06-12 15:20:28,146 - INFO - Found 111 columns in dataset
2025-06-12 15:20:28,149 - INFO - Starting cleaning pipeline
2025-06-12 15:20:28,261 - ERROR - Cleaning failed: 'FIFADataCleaner' object has no attribute '_report_missing_values'
2025-06-12 15:20:28,262 - ERROR - Failed to clean data: 'FIFADataCleaner' object has no attribute '_report_missing_values'
2025-06-12 16:05:05,236 - INFO - Starting FIFA data cleaning process
2025-06-12 16:05:05,499 - INFO - Found 111 columns in dataset
2025-06-12 16:05:05,499 - INFO - Starting cleaning pipeline
2025-06-12 16:05:05,629 - INFO - Removed 46 columns: {'ram', 'club_jersey_number', 'cdm', 'club_joined', 'rcb', 'real_face', 'lam', 'st', 'club_flag_url', 'club_logo_url', 'dob', 'cm', 'lf', 'lcb', 'rw', 'nation_logo_url', 'ldm', 'rb', 'player_url', 'lw', 'cam', 'lb', 'lm', 'ls', 'release_clause_eur', 'nation_team_id', 'lwb', 'lcm', 'rdm', 'gk', 'rcm', 'player_tags', 'player_traits', 'cb', 'rf', 'rm', 'club_contract_valid_until', 'player_face_url', 'rs', 'long_name', 'rwb', 'nationality_id', 'nation_flag_url', 'nation_jersey_number', 'cf', 'club_team_id'}
2025-06-12 16:05:05,708 - INFO - Standardized data types
2025-06-12 16:05:05,841 - INFO - Removed 0 rows missing both target values
2025-06-12 16:05:09,811 - INFO - Completed missing data handling
2025-06-12 16:05:10,199 - INFO - Cleaned categorical features
2025-06-12 16:05:10,236 - INFO - Cleaned numeric features
2025-06-12 16:05:10,521 - INFO - Cleaned 45 player attributes
2025-06-12 16:05:10,536 - INFO - Validated target variables
2025-06-12 16:05:10,732 - INFO - Removed 0 duplicate entries
2025-06-12 16:05:10,917 - INFO - Removed 2 low-quality columns
2025-06-12 16:05:11,803 - INFO - Optimized memory usage
2025-06-12 16:05:11,803 - INFO - Final quality checks complete
2025-06-12 16:05:12,234 - INFO - Missing value report generated
2025-06-12 16:05:12,234 - INFO - Successfully cleaned 142079 records
2025-06-12 16:05:12,244 - INFO - Missing values before cleaning:
club_loaned_from        0.941547
nation_jersey_number    0.940568
nation_position         0.940568
nation_team_id          0.940568
nation_logo_url         0.940568
                          ...   
rb                      0.000000
player_face_url         0.000000
gk                      0.000000
nation_flag_url         0.000000
year                    0.000000
Length: 111, dtype: float64
2025-06-12 16:05:12,250 - INFO - Missing values after cleaning:
club_position              0.011472
sofifa_id                  0.000000
player_positions           0.000000
short_name                 0.000000
potential                  0.000000
                             ...   
goalkeeping_positioning    0.000000
goalkeeping_reflexes       0.000000
goalkeeping_speed          0.000000
year                       0.000000
growth_potential           0.000000
Length: 64, dtype: float64
2025-06-12 16:05:12,251 - INFO - Rows removed: 0
2025-06-13 02:29:05,069 - INFO - Starting FIFA data cleaning process
2025-06-13 02:29:05,488 - INFO - Found 111 columns in dataset
2025-06-13 02:29:05,489 - INFO - Starting cleaning pipeline
2025-06-13 02:29:05,693 - INFO - Removed 46 columns: {'ram', 'club_jersey_number', 'cdm', 'club_joined', 'rcb', 'real_face', 'lam', 'st', 'club_flag_url', 'club_logo_url', 'dob', 'cm', 'lf', 'lcb', 'rw', 'nation_logo_url', 'ldm', 'rb', 'player_url', 'lw', 'cam', 'lb', 'lm', 'ls', 'release_clause_eur', 'nation_team_id', 'lwb', 'lcm', 'rdm', 'gk', 'rcm', 'player_tags', 'player_traits', 'cb', 'rf', 'rm', 'club_contract_valid_until', 'player_face_url', 'rs', 'long_name', 'rwb', 'nationality_id', 'nation_flag_url', 'nation_jersey_number', 'cf', 'club_team_id'}
2025-06-13 02:29:05,837 - INFO - Standardized data types
2025-06-13 02:29:06,005 - INFO - Removed 0 rows missing both target values
2025-06-13 02:29:12,097 - INFO - Completed missing data handling
2025-06-13 02:29:12,746 - INFO - Cleaned categorical features
2025-06-13 02:29:12,783 - INFO - Cleaned numeric features
2025-06-13 02:29:13,188 - INFO - Cleaned 45 player attributes
2025-06-13 02:29:13,229 - INFO - Validated target variables
2025-06-13 02:29:13,529 - INFO - Removed 0 duplicate entries
2025-06-13 02:29:13,771 - INFO - Removed 2 low-quality columns
2025-06-13 02:29:14,993 - INFO - Optimized memory usage
2025-06-13 02:29:14,993 - INFO - Final quality checks complete
2025-06-13 02:29:15,643 - INFO - Missing value report generated
2025-06-13 02:29:15,646 - INFO - Successfully cleaned 142079 records
2025-06-13 02:29:15,650 - INFO - Missing values before cleaning:
club_loaned_from        0.941547
nation_jersey_number    0.940568
nation_position         0.940568
nation_team_id          0.940568
nation_logo_url         0.940568
                          ...   
rb                      0.000000
player_face_url         0.000000
gk                      0.000000
nation_flag_url         0.000000
year                    0.000000
Length: 111, dtype: float64
2025-06-13 02:29:15,653 - INFO - Missing values after cleaning:
club_position              0.011472
sofifa_id                  0.000000
player_positions           0.000000
short_name                 0.000000
potential                  0.000000
                             ...   
goalkeeping_positioning    0.000000
goalkeeping_reflexes       0.000000
goalkeeping_speed          0.000000
year                       0.000000
growth_potential           0.000000
Length: 64, dtype: float64
2025-06-13 02:29:15,660 - INFO - Rows removed: 0
2025-06-26 00:00:56,552 - INFO - Starting FIFA data cleaning process
2025-06-26 00:00:57,376 - INFO - Found 111 columns in dataset
2025-06-26 00:00:57,380 - ERROR - Fatal error during cleaning: 'FIFADataCleaner' object has no attribute 'financial_cols'
Traceback (most recent call last):
  File "C:\Users\Nanaba\Desktop\football_player_scouting_ml\src\data_cleaner.py", line 326, in clean_fifa_data
  File "C:\Users\Nanaba\Desktop\football_player_scouting_ml\src\data_cleaner.py", line 28, in __init__
    """Advanced data cleaning pipeline for FIFA player datasets with comprehensive validation"""
  File "C:\Users\Nanaba\Desktop\football_player_scouting_ml\src\data_cleaner.py", line 68, in _analyze_columns
    'ls', 'st', 'rs', 'lw', 'lf', 'cf', 'rf', 'rw', 'lam', 'cam', 'ram',
  File "C:\Users\Nanaba\Desktop\football_player_scouting_ml\src\data_cleaner.py", line 69, in <listcomp>
    'lm', 'lcm', 'cm', 'rcm', 'rm', 'lwb', 'ldm', 'cdm', 'rdm', 'rwb',
AttributeError: 'FIFADataCleaner' object has no attribute 'financial_cols'
2025-06-26 01:10:24,728 - INFO - Found 111 columns in dataset
2025-06-26 01:10:24,742 - INFO - Identified 3 financial columns
2025-06-26 01:10:24,745 - INFO - Identified 41 player attribute columns
2025-06-26 01:10:24,747 - INFO - Identified 7 categorical columns
2025-06-26 01:10:24,747 - INFO - Identified 45 irrelevant columns to remove
2025-06-26 01:10:28,335 - WARNING - Columns with remaining missing values: ['club_position', 'club_loaned_from', 'nation_position', 'goalkeeping_speed']
2025-06-26 01:22:44,252 - INFO - Found 111 columns in dataset
2025-06-26 01:22:44,253 - INFO - Identified 3 financial columns
2025-06-26 01:22:44,257 - INFO - Identified 41 player attribute columns
2025-06-26 01:22:44,261 - INFO - Identified 7 categorical columns
2025-06-26 01:22:44,266 - INFO - Identified 45 irrelevant columns to remove
2025-06-26 01:22:48,235 - ERROR - Fatal error during cleaning: Cleaning failed: 'FIFADataCleaner' object has no attribute '_final_quality_checks'
Traceback (most recent call last):
  File "C:\Users\Nanaba\Desktop\football_player_scouting_ml\src\data_cleaner.py", line 173, in clean
    self._final_quality_checks()
AttributeError: 'FIFADataCleaner' object has no attribute '_final_quality_checks'

The above exception was the direct cause of the following exception:

Traceback (most recent call last):
  File "C:\Users\Nanaba\Desktop\football_player_scouting_ml\src\data_cleaner.py", line 342, in clean_fifa_data
    return cleaner.clean()
  File "C:\Users\Nanaba\Desktop\football_player_scouting_ml\src\data_cleaner.py", line 181, in clean
    raise RuntimeError(f"Cleaning failed: {str(e)}") from e
RuntimeError: Cleaning failed: 'FIFADataCleaner' object has no attribute '_final_quality_checks'
2025-06-26 01:29:59,293 - INFO - Found 111 columns in dataset
2025-06-26 01:29:59,293 - INFO - Identified 3 financial columns
2025-06-26 01:29:59,310 - INFO - Identified 41 player attribute columns
2025-06-26 01:29:59,312 - INFO - Identified 7 categorical columns
2025-06-26 01:29:59,313 - INFO - Identified 45 irrelevant columns to remove
2025-06-26 01:30:02,903 - WARNING - Columns with remaining missing values: ['club_position', 'club_loaned_from', 'nation_position', 'goalkeeping_speed']
2025-06-26 01:30:02,942 - INFO - Dropped columns with missing values: {'club_position', 'goalkeeping_speed', 'nation_position', 'club_loaned_from'}
2025-06-26 01:30:02,942 - ERROR - Fatal error during cleaning: Cleaning failed: 'FIFADataCleaner' object has no attribute 'cleaning_report'
Traceback (most recent call last):
  File "C:\Users\Nanaba\Desktop\football_player_scouting_ml\src\data_cleaner.py", line 173, in clean
    self._final_quality_checks()
  File "C:\Users\Nanaba\Desktop\football_player_scouting_ml\src\data_cleaner.py", line 323, in _final_quality_checks
    self.cleaning_report['dropped_missing_cols'] = list(removed_cols)
AttributeError: 'FIFADataCleaner' object has no attribute 'cleaning_report'

The above exception was the direct cause of the following exception:

Traceback (most recent call last):
  File "C:\Users\Nanaba\Desktop\football_player_scouting_ml\src\data_cleaner.py", line 342, in clean_fifa_data
    return cleaner.clean()
  File "C:\Users\Nanaba\Desktop\football_player_scouting_ml\src\data_cleaner.py", line 181, in clean
    raise RuntimeError(f"Cleaning failed: {str(e)}") from e
RuntimeError: Cleaning failed: 'FIFADataCleaner' object has no attribute 'cleaning_report'
2025-06-26 01:42:42,193 - INFO - Found 111 columns in dataset
2025-06-26 01:42:42,194 - INFO - Identified 3 financial columns
2025-06-26 01:42:42,196 - INFO - Identified 41 player attribute columns
2025-06-26 01:42:42,199 - INFO - Identified 7 categorical columns
2025-06-26 01:42:42,202 - INFO - Identified 45 irrelevant columns to remove
2025-06-26 01:42:47,345 - ERROR - Fatal error during cleaning: Cleaning failed: 'FIFADataCleaner' object has no attribute '_final_quality_checks'
Traceback (most recent call last):
  File "C:\Users\Nanaba\Desktop\football_player_scouting_ml\src\data_cleaner.py", line 173, in clean
    self._final_quality_checks()
AttributeError: 'FIFADataCleaner' object has no attribute '_final_quality_checks'

The above exception was the direct cause of the following exception:

Traceback (most recent call last):
  File "C:\Users\Nanaba\Desktop\football_player_scouting_ml\src\data_cleaner.py", line 342, in clean_fifa_data
    return cleaner.clean()
  File "C:\Users\Nanaba\Desktop\football_player_scouting_ml\src\data_cleaner.py", line 181, in clean
    raise RuntimeError(f"Cleaning failed: {str(e)}") from e
RuntimeError: Cleaning failed: 'FIFADataCleaner' object has no attribute '_final_quality_checks'
2025-06-26 02:26:14,076 - INFO - Found 111 columns in dataset
2025-06-26 02:26:14,079 - INFO - Identified 3 financial columns
2025-06-26 02:26:14,081 - INFO - Identified 41 player attribute columns
2025-06-26 02:26:14,081 - INFO - Identified 7 categorical columns
2025-06-26 02:26:14,083 - INFO - Identified 45 irrelevant columns to remove
2025-06-26 02:26:14,225 - INFO - Removed 45 irrelevant columns
2025-06-26 02:26:15,110 - INFO - Removed 96450 duplicate records
2025-06-26 02:26:16,576 - ERROR - Cleaning failed: Cannot convert non-finite values (NA or inf) to integer
Traceback (most recent call last):
  File "C:\Users\Nanaba\Desktop\football_player_scouting_ml\src\data_cleaner.py", line 211, in clean
    outlier_report = self._clean_numeric_features()
  File "C:\Users\Nanaba\Desktop\football_player_scouting_ml\src\data_cleaner.py", line 443, in _clean_numeric_features
    self.df[col] = self.df[col].clip(0, 100).astype(int)
  File "C:\Users\Nanaba\anaconda3\envs\final_year_project\lib\site-packages\pandas\core\generic.py", line 6643, in astype
    new_data = self._mgr.astype(dtype=dtype, copy=copy, errors=errors)
  File "C:\Users\Nanaba\anaconda3\envs\final_year_project\lib\site-packages\pandas\core\internals\managers.py", line 430, in astype
    return self.apply(
  File "C:\Users\Nanaba\anaconda3\envs\final_year_project\lib\site-packages\pandas\core\internals\managers.py", line 363, in apply
    applied = getattr(b, f)(**kwargs)
  File "C:\Users\Nanaba\anaconda3\envs\final_year_project\lib\site-packages\pandas\core\internals\blocks.py", line 758, in astype
    new_values = astype_array_safe(values, dtype, copy=copy, errors=errors)
  File "C:\Users\Nanaba\anaconda3\envs\final_year_project\lib\site-packages\pandas\core\dtypes\astype.py", line 237, in astype_array_safe
    new_values = astype_array(values, dtype, copy=copy)
  File "C:\Users\Nanaba\anaconda3\envs\final_year_project\lib\site-packages\pandas\core\dtypes\astype.py", line 182, in astype_array
    values = _astype_nansafe(values, dtype, copy=copy)
  File "C:\Users\Nanaba\anaconda3\envs\final_year_project\lib\site-packages\pandas\core\dtypes\astype.py", line 101, in _astype_nansafe
    return _astype_float_to_int_nansafe(arr, dtype, copy)
  File "C:\Users\Nanaba\anaconda3\envs\final_year_project\lib\site-packages\pandas\core\dtypes\astype.py", line 145, in _astype_float_to_int_nansafe
    raise IntCastingNaNError(
pandas.errors.IntCastingNaNError: Cannot convert non-finite values (NA or inf) to integer
2025-06-26 02:26:16,594 - INFO - Saved cleaning report to C:\Users\Nanaba\Desktop\football_player_scouting_ml\reports\cleaning_report.json
2025-06-26 02:26:16,595 - ERROR - Fatal error during cleaning: Cleaning failed: Cannot convert non-finite values (NA or inf) to integer
Traceback (most recent call last):
  File "C:\Users\Nanaba\Desktop\football_player_scouting_ml\src\data_cleaner.py", line 211, in clean
    outlier_report = self._clean_numeric_features()
  File "C:\Users\Nanaba\Desktop\football_player_scouting_ml\src\data_cleaner.py", line 443, in _clean_numeric_features
    self.df[col] = self.df[col].clip(0, 100).astype(int)
  File "C:\Users\Nanaba\anaconda3\envs\final_year_project\lib\site-packages\pandas\core\generic.py", line 6643, in astype
    new_data = self._mgr.astype(dtype=dtype, copy=copy, errors=errors)
  File "C:\Users\Nanaba\anaconda3\envs\final_year_project\lib\site-packages\pandas\core\internals\managers.py", line 430, in astype
    return self.apply(
  File "C:\Users\Nanaba\anaconda3\envs\final_year_project\lib\site-packages\pandas\core\internals\managers.py", line 363, in apply
    applied = getattr(b, f)(**kwargs)
  File "C:\Users\Nanaba\anaconda3\envs\final_year_project\lib\site-packages\pandas\core\internals\blocks.py", line 758, in astype
    new_values = astype_array_safe(values, dtype, copy=copy, errors=errors)
  File "C:\Users\Nanaba\anaconda3\envs\final_year_project\lib\site-packages\pandas\core\dtypes\astype.py", line 237, in astype_array_safe
    new_values = astype_array(values, dtype, copy=copy)
  File "C:\Users\Nanaba\anaconda3\envs\final_year_project\lib\site-packages\pandas\core\dtypes\astype.py", line 182, in astype_array
    values = _astype_nansafe(values, dtype, copy=copy)
  File "C:\Users\Nanaba\anaconda3\envs\final_year_project\lib\site-packages\pandas\core\dtypes\astype.py", line 101, in _astype_nansafe
    return _astype_float_to_int_nansafe(arr, dtype, copy)
  File "C:\Users\Nanaba\anaconda3\envs\final_year_project\lib\site-packages\pandas\core\dtypes\astype.py", line 145, in _astype_float_to_int_nansafe
    raise IntCastingNaNError(
pandas.errors.IntCastingNaNError: Cannot convert non-finite values (NA or inf) to integer

The above exception was the direct cause of the following exception:

Traceback (most recent call last):
  File "C:\Users\Nanaba\Desktop\football_player_scouting_ml\src\data_cleaner.py", line 644, in clean_fifa_data
    cleaned_df = cleaner.clean()
  File "C:\Users\Nanaba\Desktop\football_player_scouting_ml\src\data_cleaner.py", line 246, in clean
    raise RuntimeError(f"Cleaning failed: {str(e)}") from e
RuntimeError: Cleaning failed: Cannot convert non-finite values (NA or inf) to integer
2025-06-26 03:05:30,108 - INFO - Found 111 columns in dataset
2025-06-26 03:05:30,113 - INFO - Identified 3 financial columns
2025-06-26 03:05:30,114 - INFO - Identified 41 player attribute columns
2025-06-26 03:05:30,115 - INFO - Identified 7 categorical columns
2025-06-26 03:05:30,120 - INFO - Identified 45 irrelevant columns to remove
2025-06-26 03:05:30,263 - INFO - Removed 45 irrelevant columns
2025-06-26 03:05:30,613 - INFO - Removed 96450 duplicate records
2025-06-26 03:05:32,493 - WARNING - Columns with remaining missing values: ['club_position', 'club_loaned_from', 'nation_position', 'goalkeeping_speed']
2025-06-26 03:05:32,515 - INFO - Dropped columns with excessive missing values: {'nation_position', 'club_loaned_from'}
2025-06-26 03:05:32,575 - INFO - Completed final quality checks
2025-06-26 03:16:23,241 - INFO - Found 111 columns in dataset
2025-06-26 03:16:23,245 - INFO - Identified 3 financial columns
2025-06-26 03:16:23,247 - INFO - Identified 41 player attribute columns
2025-06-26 03:16:23,248 - INFO - Identified 7 categorical columns
2025-06-26 03:16:23,249 - INFO - Identified 45 irrelevant columns to remove
2025-06-26 03:16:23,411 - INFO - Removed 45 irrelevant columns
2025-06-26 03:16:23,764 - INFO - Removed 96450 duplicate records
2025-06-27 01:43:59,330 - INFO - Found 111 columns in dataset
2025-06-27 01:43:59,341 - INFO - Identified 3 financial columns
2025-06-27 01:43:59,345 - INFO - Identified 41 player attribute columns
2025-06-27 01:43:59,346 - INFO - Identified 7 categorical columns
2025-06-27 01:43:59,348 - INFO - Identified 50 irrelevant columns to remove
2025-06-27 01:43:59,489 - INFO - Removed 50 irrelevant columns
2025-06-27 01:43:59,758 - INFO - Removed 96450 duplicate records
2025-06-27 15:15:03,591 - INFO - Found 111 columns in dataset
2025-06-27 15:15:03,594 - INFO - Identified 3 financial columns
2025-06-27 15:15:03,597 - INFO - Identified 41 player attribute columns
2025-06-27 15:15:03,598 - INFO - Identified 7 categorical columns
2025-06-27 15:15:03,604 - INFO - Identified 50 irrelevant columns to remove
2025-06-27 15:15:03,818 - INFO - Removed 50 irrelevant columns
2025-06-27 15:15:04,187 - INFO - Removed 96450 duplicate records
2025-06-27 16:41:04,591 - INFO - Found 111 columns in dataset
2025-06-27 16:41:04,591 - INFO - Identified 3 financial columns
2025-06-27 16:41:04,591 - INFO - Identified 41 player attribute columns
2025-06-27 16:41:04,602 - INFO - Identified 7 categorical columns
2025-06-27 16:41:04,603 - INFO - Identified 50 irrelevant columns to remove
2025-06-27 16:41:04,771 - INFO - Removed 50 irrelevant columns
2025-06-27 16:41:05,174 - INFO - Removed 96450 duplicate records
2025-06-27 16:53:26,983 - INFO - Found 111 columns in dataset
2025-06-27 16:53:26,985 - INFO - Identified 3 financial columns
2025-06-27 16:53:26,986 - INFO - Identified 41 player attribute columns
2025-06-27 16:53:26,990 - INFO - Identified 7 categorical columns
2025-06-27 16:53:26,994 - INFO - Identified 50 irrelevant columns to remove
2025-06-27 16:53:27,142 - INFO - Removed 50 irrelevant columns
2025-06-27 16:53:27,473 - INFO - Removed 96450 duplicate records
2025-06-27 17:41:22,735 - INFO - Found 111 columns in dataset
2025-06-27 17:41:22,739 - INFO - Identified 3 financial columns
2025-06-27 17:41:22,739 - INFO - Identified 41 player attribute columns
2025-06-27 17:41:22,743 - INFO - Identified 7 categorical columns
2025-06-27 17:41:22,751 - INFO - Identified 50 irrelevant columns to remove
2025-06-27 17:41:22,940 - INFO - Removed 50 irrelevant columns
2025-06-27 17:41:22,945 - ERROR - Cleaning failed: 'FIFADataCleaner' object has no attribute '_standardize_data_types'
Traceback (most recent call last):
  File "C:\Users\Nanaba\Desktop\football_player_scouting_ml\src\data_cleaner.py", line 151, in clean
    self._standardize_data_types()
AttributeError: 'FIFADataCleaner' object has no attribute '_standardize_data_types'
2025-06-27 17:51:10,324 - INFO - Found 111 columns in dataset
2025-06-27 17:51:10,325 - INFO - Identified 3 financial columns
2025-06-27 17:51:10,332 - INFO - Identified 41 player attribute columns
2025-06-27 17:51:10,332 - INFO - Identified 7 categorical columns
2025-06-27 17:51:10,332 - INFO - Identified 50 irrelevant columns to remove
2025-06-27 17:51:10,483 - INFO - Removed 50 irrelevant columns
2025-06-27 17:51:10,830 - INFO - Removed 96450 duplicate records
2025-07-05 09:40:03,763 - INFO - Found 111 columns in dataset
2025-07-05 09:40:03,765 - INFO - Identified 3 financial columns
2025-07-05 09:40:03,767 - INFO - Identified 41 player attribute columns
2025-07-05 09:40:03,770 - INFO - Identified 7 categorical columns
2025-07-05 09:40:03,772 - INFO - Identified 50 irrelevant columns to remove
2025-07-05 09:40:03,899 - INFO - Removed 50 irrelevant columns
2025-07-05 09:40:04,184 - INFO - Removed 96450 duplicate records
2025-07-07 02:32:33,604 - INFO - Found 111 columns in dataset
2025-07-07 02:32:33,608 - INFO - Identified 3 financial columns
2025-07-07 02:32:33,610 - INFO - Identified 41 player attribute columns
2025-07-07 02:32:33,612 - INFO - Identified 7 categorical columns
2025-07-07 02:32:33,615 - INFO - Identified 50 irrelevant columns to remove
2025-07-07 02:32:33,779 - INFO - Removed 50 irrelevant columns
2025-07-07 02:32:34,250 - INFO - Removed 96450 duplicate records
2025-07-07 03:15:24,004 - INFO - Found 111 columns in dataset
2025-07-07 03:15:24,006 - INFO - Identified 3 financial columns
2025-07-07 03:15:24,009 - INFO - Identified 41 player attribute columns
2025-07-07 03:15:24,012 - INFO - Identified 7 categorical columns
2025-07-07 03:15:24,014 - INFO - Identified 50 irrelevant columns to remove
2025-07-07 03:15:24,224 - INFO - Removed 50 irrelevant columns
2025-07-07 03:15:24,757 - INFO - Removed 96450 duplicate records
2025-07-07 03:40:49,759 - INFO - Found 111 columns in dataset
2025-07-07 03:40:49,767 - INFO - Identified 3 financial columns
2025-07-07 03:40:49,771 - INFO - Identified 41 player attribute columns
2025-07-07 03:40:49,771 - INFO - Identified 7 categorical columns
2025-07-07 03:40:49,771 - INFO - Identified 50 irrelevant columns to remove
2025-07-07 03:40:49,979 - INFO - Removed 50 irrelevant columns
2025-07-07 03:40:50,501 - INFO - Removed 96450 duplicate records
2025-07-07 04:26:32,737 - INFO - Found 111 columns in dataset
2025-07-07 04:26:32,753 - INFO - Identified 3 financial columns
2025-07-07 04:26:32,753 - INFO - Identified 41 player attribute columns
2025-07-07 04:26:32,753 - INFO - Identified 7 categorical columns
2025-07-07 04:26:32,753 - INFO - Identified 50 irrelevant columns to remove
2025-07-07 04:26:32,985 - INFO - Removed 50 irrelevant columns
2025-07-07 04:26:33,520 - INFO - Removed 96450 duplicate records
2025-07-07 19:01:14,913 - INFO - Found 111 columns in dataset
2025-07-07 19:01:14,913 - INFO - Identified 3 financial columns
2025-07-07 19:01:14,913 - INFO - Identified 41 player attribute columns
2025-07-07 19:01:14,913 - INFO - Identified 7 categorical columns
2025-07-07 19:01:14,913 - INFO - Identified 50 irrelevant columns to remove
2025-07-07 19:01:15,093 - INFO - Removed 50 irrelevant columns
2025-07-07 19:01:15,581 - INFO - Removed 96450 duplicate records
2025-07-07 20:21:22,214 - INFO - Found 111 columns in dataset
2025-07-07 20:21:22,215 - INFO - Identified 3 financial columns
2025-07-07 20:21:22,218 - INFO - Identified 41 player attribute columns
2025-07-07 20:21:22,218 - INFO - Identified 7 categorical columns
2025-07-07 20:21:22,218 - INFO - Identified 50 irrelevant columns to remove
2025-07-07 20:21:22,401 - INFO - Removed 50 irrelevant columns
2025-07-07 20:21:22,894 - INFO - Removed 96450 duplicate records
2025-07-07 20:21:24,145 - INFO - Dropped 1 columns with >50% missing values
2025-07-07 20:21:25,029 - INFO - 38 outliers removed from pace using z-score > 3.5
2025-07-07 20:21:25,049 - INFO - 1 outliers removed from passing using z-score > 3.5
2025-07-07 20:21:25,063 - INFO - 9 outliers removed from dribbling using z-score > 3.5
2025-07-07 20:21:25,076 - INFO - 6 outliers removed from physic using z-score > 3.5
2025-07-07 20:21:25,125 - INFO - 2 outliers removed from movement_acceleration using z-score > 3.5
2025-07-07 20:21:25,133 - INFO - 2 outliers removed from movement_sprint_speed using z-score > 3.5
2025-07-07 20:21:25,142 - INFO - 14 outliers removed from movement_reactions using z-score > 3.5
2025-07-07 20:21:25,151 - INFO - 5 outliers removed from movement_balance using z-score > 3.5
2025-07-07 20:21:25,169 - INFO - 12 outliers removed from power_jumping using z-score > 3.5
2025-07-07 20:21:25,182 - INFO - 5 outliers removed from power_strength using z-score > 3.5
2025-07-07 20:21:25,217 - INFO - 24 outliers removed from mentality_composure using z-score > 3.5
2025-07-07 20:21:25,237 - INFO - 327 outliers removed from goalkeeping_diving using z-score > 3.5
2025-07-07 20:21:25,245 - INFO - 283 outliers removed from goalkeeping_handling using z-score > 3.5
2025-07-07 20:21:25,261 - INFO - 361 outliers removed from goalkeeping_kicking using z-score > 3.5
2025-07-07 20:21:25,268 - INFO - 403 outliers removed from goalkeeping_positioning using z-score > 3.5
2025-07-07 20:21:25,285 - INFO - 332 outliers removed from goalkeeping_reflexes using z-score > 3.5
2025-07-07 20:21:25,695 - ERROR - Cleaning failed: 'FIFADataCleaner' object has no attribute '_create_derived_features'
Traceback (most recent call last):
  File "C:\Users\Nanaba\Desktop\football_player_scouting_ml\src\data_cleaner.py", line 179, in clean
    self._create_derived_features()
AttributeError: 'FIFADataCleaner' object has no attribute '_create_derived_features'
2025-07-07 20:21:25,712 - INFO - Saved cleaning report to C:\Users\Nanaba\Desktop\football_player_scouting_ml\reports\cleaning_report.json
2025-07-07 20:44:20,603 - INFO - Found 111 columns in dataset
2025-07-07 20:44:20,603 - INFO - Identified 3 financial columns
2025-07-07 20:44:20,603 - INFO - Identified 41 player attribute columns
2025-07-07 20:44:20,614 - INFO - Identified 7 categorical columns
2025-07-07 20:44:20,616 - INFO - Identified 50 irrelevant columns to remove
2025-07-07 20:44:20,819 - INFO - Removed 50 irrelevant columns
2025-07-07 20:44:21,298 - INFO - Removed 96450 duplicate records
2025-07-07 20:44:22,563 - INFO - Dropped 1 columns with >50% missing values
2025-07-07 20:44:23,404 - INFO - 38 outliers removed from pace using z-score > 3.5
2025-07-07 20:44:23,418 - INFO - 1 outliers removed from passing using z-score > 3.5
2025-07-07 20:44:23,429 - INFO - 9 outliers removed from dribbling using z-score > 3.5
2025-07-07 20:44:23,441 - INFO - 6 outliers removed from physic using z-score > 3.5
2025-07-07 20:44:23,485 - INFO - 2 outliers removed from movement_acceleration using z-score > 3.5
2025-07-07 20:44:23,500 - INFO - 2 outliers removed from movement_sprint_speed using z-score > 3.5
2025-07-07 20:44:23,516 - INFO - 14 outliers removed from movement_reactions using z-score > 3.5
2025-07-07 20:44:23,525 - INFO - 5 outliers removed from movement_balance using z-score > 3.5
2025-07-07 20:44:23,540 - INFO - 12 outliers removed from power_jumping using z-score > 3.5
2025-07-07 20:44:23,551 - INFO - 5 outliers removed from power_strength using z-score > 3.5
2025-07-07 20:44:23,591 - INFO - 24 outliers removed from mentality_composure using z-score > 3.5
2025-07-07 20:44:23,612 - INFO - 327 outliers removed from goalkeeping_diving using z-score > 3.5
2025-07-07 20:44:23,623 - INFO - 283 outliers removed from goalkeeping_handling using z-score > 3.5
2025-07-07 20:44:23,632 - INFO - 361 outliers removed from goalkeeping_kicking using z-score > 3.5
2025-07-07 20:44:23,641 - INFO - 403 outliers removed from goalkeeping_positioning using z-score > 3.5
2025-07-07 20:44:23,647 - INFO - 332 outliers removed from goalkeeping_reflexes using z-score > 3.5
2025-07-07 20:44:24,039 - ERROR - Cleaning failed: 'FIFADataCleaner' object has no attribute '_create_derived_features'
Traceback (most recent call last):
  File "C:\Users\Nanaba\Desktop\football_player_scouting_ml\src\data_cleaner.py", line 179, in clean
    memory_savings = self._optimize_memory_usage()
AttributeError: 'FIFADataCleaner' object has no attribute '_create_derived_features'
2025-07-07 20:44:24,054 - INFO - Saved cleaning report to C:\Users\Nanaba\Desktop\football_player_scouting_ml\reports\cleaning_report.json
2025-07-07 20:56:55,880 - INFO - Found 111 columns in dataset
2025-07-07 20:56:55,882 - INFO - Identified 3 financial columns
2025-07-07 20:56:55,882 - INFO - Identified 41 player attribute columns
2025-07-07 20:56:55,885 - INFO - Identified 7 categorical columns
2025-07-07 20:56:55,889 - INFO - Identified 50 irrelevant columns to remove
2025-07-07 20:56:56,034 - INFO - Removed 50 irrelevant columns
2025-07-07 20:56:56,462 - INFO - Removed 96450 duplicate records
2025-07-07 20:56:57,568 - INFO - Dropped 1 columns with >50% missing values
2025-07-07 20:56:58,584 - INFO - 38 outliers removed from pace using z-score > 3.5
2025-07-07 20:56:58,605 - INFO - 1 outliers removed from passing using z-score > 3.5
2025-07-07 20:56:58,615 - INFO - 9 outliers removed from dribbling using z-score > 3.5
2025-07-07 20:56:58,632 - INFO - 6 outliers removed from physic using z-score > 3.5
2025-07-07 20:56:58,683 - INFO - 2 outliers removed from movement_acceleration using z-score > 3.5
2025-07-07 20:56:58,694 - INFO - 2 outliers removed from movement_sprint_speed using z-score > 3.5
2025-07-07 20:56:58,707 - INFO - 14 outliers removed from movement_reactions using z-score > 3.5
2025-07-07 20:56:58,718 - INFO - 5 outliers removed from movement_balance using z-score > 3.5
2025-07-07 20:56:58,732 - INFO - 12 outliers removed from power_jumping using z-score > 3.5
2025-07-07 20:56:58,749 - INFO - 5 outliers removed from power_strength using z-score > 3.5
2025-07-07 20:56:58,781 - INFO - 24 outliers removed from mentality_composure using z-score > 3.5
2025-07-07 20:56:58,806 - INFO - 327 outliers removed from goalkeeping_diving using z-score > 3.5
2025-07-07 20:56:58,819 - INFO - 283 outliers removed from goalkeeping_handling using z-score > 3.5
2025-07-07 20:56:58,832 - INFO - 361 outliers removed from goalkeeping_kicking using z-score > 3.5
2025-07-07 20:56:58,842 - INFO - 403 outliers removed from goalkeeping_positioning using z-score > 3.5
2025-07-07 20:56:58,852 - INFO - 332 outliers removed from goalkeeping_reflexes using z-score > 3.5
2025-07-07 20:56:59,959 - WARNING - Columns with remaining missing values: ['pace', 'passing', 'dribbling', 'physic', 'movement_acceleration', 'movement_sprint_speed', 'movement_reactions', 'movement_balance', 'power_jumping', 'power_strength', 'mentality_composure', 'goalkeeping_diving', 'goalkeeping_handling', 'goalkeeping_kicking', 'goalkeeping_positioning', 'goalkeeping_reflexes']
2025-07-07 20:57:00,088 - INFO - Completed final quality checks
2025-07-07 20:57:00,098 - ERROR - Cleaning failed: Object of type int64 is not JSON serializable
Traceback (most recent call last):
  File "C:\Users\Nanaba\Desktop\football_player_scouting_ml\src\data_cleaner.py", line 186, in clean
    self._generate_report()
  File "C:\Users\Nanaba\Desktop\football_player_scouting_ml\src\data_cleaner.py", line 602, in _generate_report
    json.dump(self.cleaning_report, f, indent=2)
  File "C:\Users\Nanaba\anaconda3\envs\final_year_project\lib\json\__init__.py", line 179, in dump
    for chunk in iterable:
  File "C:\Users\Nanaba\anaconda3\envs\final_year_project\lib\json\encoder.py", line 431, in _iterencode
    yield from _iterencode_dict(o, _current_indent_level)
  File "C:\Users\Nanaba\anaconda3\envs\final_year_project\lib\json\encoder.py", line 405, in _iterencode_dict
    yield from chunks
  File "C:\Users\Nanaba\anaconda3\envs\final_year_project\lib\json\encoder.py", line 405, in _iterencode_dict
    yield from chunks
  File "C:\Users\Nanaba\anaconda3\envs\final_year_project\lib\json\encoder.py", line 405, in _iterencode_dict
    yield from chunks
  File "C:\Users\Nanaba\anaconda3\envs\final_year_project\lib\json\encoder.py", line 438, in _iterencode
    o = _default(o)
  File "C:\Users\Nanaba\anaconda3\envs\final_year_project\lib\json\encoder.py", line 179, in default
    raise TypeError(f'Object of type {o.__class__.__name__} '
TypeError: Object of type int64 is not JSON serializable
2025-07-07 21:21:55,328 - INFO - Found 111 columns in dataset
2025-07-07 21:21:55,328 - INFO - Identified 3 financial columns
2025-07-07 21:21:55,335 - INFO - Identified 41 player attribute columns
2025-07-07 21:21:55,337 - INFO - Identified 7 categorical columns
2025-07-07 21:21:55,343 - INFO - Identified 50 irrelevant columns to remove
2025-07-07 21:21:55,521 - INFO - Removed 50 irrelevant columns
2025-07-07 21:21:56,012 - INFO - Removed 96450 duplicate records
2025-07-07 21:21:57,231 - INFO - Dropped 1 columns with >50% missing values
2025-07-07 21:21:58,090 - INFO - 38 outliers removed from pace using z-score > 3.5
2025-07-07 21:21:58,108 - INFO - 1 outliers removed from passing using z-score > 3.5
2025-07-07 21:21:58,114 - INFO - 9 outliers removed from dribbling using z-score > 3.5
2025-07-07 21:21:58,133 - INFO - 6 outliers removed from physic using z-score > 3.5
2025-07-07 21:21:58,180 - INFO - 2 outliers removed from movement_acceleration using z-score > 3.5
2025-07-07 21:21:58,196 - INFO - 2 outliers removed from movement_sprint_speed using z-score > 3.5
2025-07-07 21:21:58,213 - INFO - 14 outliers removed from movement_reactions using z-score > 3.5
2025-07-07 21:21:58,216 - INFO - 5 outliers removed from movement_balance using z-score > 3.5
2025-07-07 21:21:58,234 - INFO - 12 outliers removed from power_jumping using z-score > 3.5
2025-07-07 21:21:58,247 - INFO - 5 outliers removed from power_strength using z-score > 3.5
2025-07-07 21:21:58,281 - INFO - 24 outliers removed from mentality_composure using z-score > 3.5
2025-07-07 21:21:58,299 - INFO - 327 outliers removed from goalkeeping_diving using z-score > 3.5
2025-07-07 21:21:58,314 - INFO - 283 outliers removed from goalkeeping_handling using z-score > 3.5
2025-07-07 21:21:58,314 - INFO - 361 outliers removed from goalkeeping_kicking using z-score > 3.5
2025-07-07 21:21:58,332 - INFO - 403 outliers removed from goalkeeping_positioning using z-score > 3.5
2025-07-07 21:21:58,343 - INFO - 332 outliers removed from goalkeeping_reflexes using z-score > 3.5
2025-07-07 21:21:59,387 - WARNING - Columns with remaining missing values: ['pace', 'passing', 'dribbling', 'physic', 'movement_acceleration', 'movement_sprint_speed', 'movement_reactions', 'movement_balance', 'power_jumping', 'power_strength', 'mentality_composure', 'goalkeeping_diving', 'goalkeeping_handling', 'goalkeeping_kicking', 'goalkeeping_positioning', 'goalkeeping_reflexes']
2025-07-07 21:21:59,474 - INFO - Completed final quality checks
2025-07-07 21:21:59,479 - ERROR - Cleaning failed: Object of type int64 is not JSON serializable
Traceback (most recent call last):
  File "C:\Users\Nanaba\Desktop\football_player_scouting_ml\src\data_cleaner.py", line 186, in clean
    self._generate_report()
  File "C:\Users\Nanaba\Desktop\football_player_scouting_ml\src\data_cleaner.py", line 602, in _generate_report
    def convert(o):
  File "C:\Users\Nanaba\anaconda3\envs\final_year_project\lib\json\__init__.py", line 179, in dump
    for chunk in iterable:
  File "C:\Users\Nanaba\anaconda3\envs\final_year_project\lib\json\encoder.py", line 431, in _iterencode
    yield from _iterencode_dict(o, _current_indent_level)
  File "C:\Users\Nanaba\anaconda3\envs\final_year_project\lib\json\encoder.py", line 405, in _iterencode_dict
    yield from chunks
  File "C:\Users\Nanaba\anaconda3\envs\final_year_project\lib\json\encoder.py", line 405, in _iterencode_dict
    yield from chunks
  File "C:\Users\Nanaba\anaconda3\envs\final_year_project\lib\json\encoder.py", line 405, in _iterencode_dict
    yield from chunks
  File "C:\Users\Nanaba\anaconda3\envs\final_year_project\lib\json\encoder.py", line 438, in _iterencode
    o = _default(o)
  File "C:\Users\Nanaba\anaconda3\envs\final_year_project\lib\json\encoder.py", line 179, in default
    raise TypeError(f'Object of type {o.__class__.__name__} '
TypeError: Object of type int64 is not JSON serializable
2025-07-08 02:40:54,779 - INFO - Found 111 columns in dataset
2025-07-08 02:40:54,779 - INFO - Identified 3 financial columns
2025-07-08 02:40:54,779 - INFO - Identified 41 player attribute columns
2025-07-08 02:40:54,779 - INFO - Identified 7 categorical columns
2025-07-08 02:40:54,779 - INFO - Identified 50 irrelevant columns to remove
2025-07-08 02:40:54,936 - INFO - Removed 50 irrelevant columns
2025-07-08 02:40:55,326 - INFO - Removed 96450 duplicate records
2025-07-08 02:40:56,373 - INFO - Dropped 1 columns with >50% missing values
2025-07-08 02:40:57,232 - INFO - 38 outliers removed from pace using z-score > 3.5
2025-07-08 02:40:57,248 - INFO - 1 outliers removed from passing using z-score > 3.5
2025-07-08 02:40:57,248 - INFO - 9 outliers removed from dribbling using z-score > 3.5
2025-07-08 02:40:57,264 - INFO - 6 outliers removed from physic using z-score > 3.5
2025-07-08 02:40:57,295 - INFO - 2 outliers removed from movement_acceleration using z-score > 3.5
2025-07-08 02:40:57,310 - INFO - 2 outliers removed from movement_sprint_speed using z-score > 3.5
2025-07-08 02:40:57,326 - INFO - 14 outliers removed from movement_reactions using z-score > 3.5
2025-07-08 02:40:57,326 - INFO - 5 outliers removed from movement_balance using z-score > 3.5
2025-07-08 02:40:57,342 - INFO - 12 outliers removed from power_jumping using z-score > 3.5
2025-07-08 02:40:57,342 - INFO - 5 outliers removed from power_strength using z-score > 3.5
2025-07-08 02:40:57,373 - INFO - 24 outliers removed from mentality_composure using z-score > 3.5
2025-07-08 02:40:57,389 - INFO - 327 outliers removed from goalkeeping_diving using z-score > 3.5
2025-07-08 02:40:57,404 - INFO - 283 outliers removed from goalkeeping_handling using z-score > 3.5
2025-07-08 02:40:57,404 - INFO - 361 outliers removed from goalkeeping_kicking using z-score > 3.5
2025-07-08 02:40:57,420 - INFO - 403 outliers removed from goalkeeping_positioning using z-score > 3.5
2025-07-08 02:40:57,420 - INFO - 332 outliers removed from goalkeeping_reflexes using z-score > 3.5
2025-07-08 02:40:58,435 - WARNING - Columns with remaining missing values: ['pace', 'passing', 'dribbling', 'physic', 'movement_acceleration', 'movement_sprint_speed', 'movement_reactions', 'movement_balance', 'power_jumping', 'power_strength', 'mentality_composure', 'goalkeeping_diving', 'goalkeeping_handling', 'goalkeeping_kicking', 'goalkeeping_positioning', 'goalkeeping_reflexes']
2025-07-08 02:40:58,513 - INFO - Completed final quality checks
2025-07-08 02:40:58,513 - INFO - Saved cleaning report to C:\Users\Nanaba\Desktop\football_player_scouting_ml\reports\cleaning_report.json
2025-07-08 03:21:36,944 - INFO - Found 111 columns in dataset
2025-07-08 03:21:36,948 - INFO - Identified 3 financial columns
2025-07-08 03:21:36,949 - INFO - Identified 41 player attribute columns
2025-07-08 03:21:36,955 - INFO - Identified 7 categorical columns
2025-07-08 03:21:36,957 - INFO - Identified 50 irrelevant columns to remove
2025-07-08 03:21:37,120 - INFO - Removed 50 irrelevant columns
2025-07-08 03:21:37,579 - INFO - Removed 96450 duplicate records
2025-07-08 03:21:38,765 - INFO - Dropped 1 columns with >50% missing values
2025-07-08 03:21:39,790 - INFO - 38 outliers removed from pace using z-score > 3.5
2025-07-08 03:21:39,803 - INFO - 1 outliers removed from passing using z-score > 3.5
2025-07-08 03:21:39,815 - INFO - 9 outliers removed from dribbling using z-score > 3.5
2025-07-08 03:21:39,831 - INFO - 6 outliers removed from physic using z-score > 3.5
2025-07-08 03:21:39,875 - INFO - 2 outliers removed from movement_acceleration using z-score > 3.5
2025-07-08 03:21:39,885 - INFO - 2 outliers removed from movement_sprint_speed using z-score > 3.5
2025-07-08 03:21:39,901 - INFO - 14 outliers removed from movement_reactions using z-score > 3.5
2025-07-08 03:21:39,913 - INFO - 5 outliers removed from movement_balance using z-score > 3.5
2025-07-08 03:21:39,927 - INFO - 12 outliers removed from power_jumping using z-score > 3.5
2025-07-08 03:21:39,941 - INFO - 5 outliers removed from power_strength using z-score > 3.5
2025-07-08 03:21:39,973 - INFO - 24 outliers removed from mentality_composure using z-score > 3.5
2025-07-08 03:21:39,990 - INFO - 327 outliers removed from goalkeeping_diving using z-score > 3.5
2025-07-08 03:21:39,999 - INFO - 283 outliers removed from goalkeeping_handling using z-score > 3.5
2025-07-08 03:21:40,009 - INFO - 361 outliers removed from goalkeeping_kicking using z-score > 3.5
2025-07-08 03:21:40,020 - INFO - 403 outliers removed from goalkeeping_positioning using z-score > 3.5
2025-07-08 03:21:40,020 - INFO - 332 outliers removed from goalkeeping_reflexes using z-score > 3.5
2025-07-08 03:21:41,080 - WARNING - Columns with remaining missing values: ['pace', 'passing', 'dribbling', 'physic', 'movement_acceleration', 'movement_sprint_speed', 'movement_reactions', 'movement_balance', 'power_jumping', 'power_strength', 'mentality_composure', 'goalkeeping_diving', 'goalkeeping_handling', 'goalkeeping_kicking', 'goalkeeping_positioning', 'goalkeeping_reflexes']
2025-07-08 03:21:41,169 - INFO - Completed final quality checks
2025-07-08 03:21:41,170 - ERROR - Cleaning failed: 'FIFADataCleaner' object has no attribute '_generate_report'
Traceback (most recent call last):
  File "C:\Users\Nanaba\Desktop\football_player_scouting_ml\src\data_cleaner.py", line 186, in clean
    self._generate_report()
AttributeError: 'FIFADataCleaner' object has no attribute '_generate_report'
2025-07-08 03:21:41,188 - ERROR - Failed to generate error report: 'FIFADataCleaner' object has no attribute '_generate_report'
2025-07-08 03:42:17,296 - INFO - Found 111 columns in dataset
2025-07-08 03:42:17,310 - INFO - Identified 3 financial columns
2025-07-08 03:42:17,312 - INFO - Identified 41 player attribute columns
2025-07-08 03:42:17,315 - INFO - Identified 7 categorical columns
2025-07-08 03:42:17,316 - INFO - Identified 50 irrelevant columns to remove
2025-07-08 03:42:17,458 - INFO - Removed 50 irrelevant columns
2025-07-08 03:42:17,858 - INFO - Removed 96450 duplicate records
2025-07-08 03:42:18,924 - INFO - Dropped 1 columns with >50% missing values
2025-07-08 03:42:20,045 - INFO - 38 outliers removed from pace using z-score > 3.5
2025-07-08 03:42:20,059 - INFO - 1 outliers removed from passing using z-score > 3.5
2025-07-08 03:42:20,065 - INFO - 9 outliers removed from dribbling using z-score > 3.5
2025-07-08 03:42:20,083 - INFO - 6 outliers removed from physic using z-score > 3.5
2025-07-08 03:42:20,133 - INFO - 2 outliers removed from movement_acceleration using z-score > 3.5
2025-07-08 03:42:20,140 - INFO - 2 outliers removed from movement_sprint_speed using z-score > 3.5
2025-07-08 03:42:20,152 - INFO - 14 outliers removed from movement_reactions using z-score > 3.5
2025-07-08 03:42:20,165 - INFO - 5 outliers removed from movement_balance using z-score > 3.5
2025-07-08 03:42:20,179 - INFO - 12 outliers removed from power_jumping using z-score > 3.5
2025-07-08 03:42:20,183 - INFO - 5 outliers removed from power_strength using z-score > 3.5
2025-07-08 03:42:20,231 - INFO - 24 outliers removed from mentality_composure using z-score > 3.5
2025-07-08 03:42:20,251 - INFO - 327 outliers removed from goalkeeping_diving using z-score > 3.5
2025-07-08 03:42:20,264 - INFO - 283 outliers removed from goalkeeping_handling using z-score > 3.5
2025-07-08 03:42:20,277 - INFO - 361 outliers removed from goalkeeping_kicking using z-score > 3.5
2025-07-08 03:42:20,283 - INFO - 403 outliers removed from goalkeeping_positioning using z-score > 3.5
2025-07-08 03:42:20,297 - INFO - 332 outliers removed from goalkeeping_reflexes using z-score > 3.5
2025-07-08 03:42:21,475 - WARNING - Columns with remaining missing values: ['pace', 'passing', 'dribbling', 'physic', 'movement_acceleration', 'movement_sprint_speed', 'movement_reactions', 'movement_balance', 'power_jumping', 'power_strength', 'mentality_composure', 'goalkeeping_diving', 'goalkeeping_handling', 'goalkeeping_kicking', 'goalkeeping_positioning', 'goalkeeping_reflexes']
2025-07-08 03:42:21,497 - INFO - Filled remaining missing values in pace with median 66.0
2025-07-08 03:42:21,497 - INFO - Filled remaining missing values in passing with median 57.0
2025-07-08 03:42:21,510 - INFO - Filled remaining missing values in dribbling with median 63.0
2025-07-08 03:42:21,515 - INFO - Filled remaining missing values in physic with median 62.0
2025-07-08 03:42:21,517 - INFO - Filled remaining missing values in movement_acceleration with median 66.0
2025-07-08 03:42:21,529 - INFO - Filled remaining missing values in movement_sprint_speed with median 66.0
2025-07-08 03:42:21,535 - INFO - Filled remaining missing values in movement_reactions with median 60.0
2025-07-08 03:42:21,540 - INFO - Filled remaining missing values in movement_balance with median 65.0
2025-07-08 03:42:21,552 - INFO - Filled remaining missing values in power_jumping with median 64.0
2025-07-08 03:42:21,556 - INFO - Filled remaining missing values in power_strength with median 65.0
2025-07-08 03:42:21,570 - INFO - Filled remaining missing values in mentality_composure with median 57.0
2025-07-08 03:42:21,577 - INFO - Filled remaining missing values in goalkeeping_diving with median 11.0
2025-07-08 03:42:21,582 - INFO - Filled remaining missing values in goalkeeping_handling with median 11.0
2025-07-08 03:42:21,582 - INFO - Filled remaining missing values in goalkeeping_kicking with median 11.0
2025-07-08 03:42:21,594 - INFO - Filled remaining missing values in goalkeeping_positioning with median 11.0
2025-07-08 03:42:21,600 - INFO - Filled remaining missing values in goalkeeping_reflexes with median 11.0
2025-07-08 03:42:21,679 - INFO - Completed final quality checks
2025-07-08 03:42:21,695 - INFO - Saved cleaning report to C:\Users\Nanaba\Desktop\football_player_scouting_ml\reports\cleaning_report.json
2025-07-08 04:07:15,925 - INFO - Found 111 columns in dataset
2025-07-08 04:07:15,925 - INFO - Identified 3 financial columns
2025-07-08 04:07:15,941 - INFO - Identified 41 player attribute columns
2025-07-08 04:07:15,944 - INFO - Identified 7 categorical columns
2025-07-08 04:07:15,945 - INFO - Identified 50 irrelevant columns to remove
2025-07-08 04:07:16,132 - INFO - Removed 50 irrelevant columns
2025-07-08 04:07:16,536 - INFO - Removed 96450 duplicate records
2025-07-08 04:07:17,759 - INFO - Dropped 1 columns with >50% missing values
2025-07-08 04:07:18,650 - INFO - 38 outliers removed from pace using z-score > 3.5
2025-07-08 04:07:18,674 - INFO - 1 outliers removed from passing using z-score > 3.5
2025-07-08 04:07:18,674 - INFO - 9 outliers removed from dribbling using z-score > 3.5
2025-07-08 04:07:18,688 - INFO - 6 outliers removed from physic using z-score > 3.5
2025-07-08 04:07:18,738 - INFO - 2 outliers removed from movement_acceleration using z-score > 3.5
2025-07-08 04:07:18,761 - INFO - 2 outliers removed from movement_sprint_speed using z-score > 3.5
2025-07-08 04:07:18,774 - INFO - 14 outliers removed from movement_reactions using z-score > 3.5
2025-07-08 04:07:18,778 - INFO - 5 outliers removed from movement_balance using z-score > 3.5
2025-07-08 04:07:18,795 - INFO - 12 outliers removed from power_jumping using z-score > 3.5
2025-07-08 04:07:18,811 - INFO - 5 outliers removed from power_strength using z-score > 3.5
2025-07-08 04:07:18,842 - INFO - 24 outliers removed from mentality_composure using z-score > 3.5
2025-07-08 04:07:18,861 - INFO - 327 outliers removed from goalkeeping_diving using z-score > 3.5
2025-07-08 04:07:18,874 - INFO - 283 outliers removed from goalkeeping_handling using z-score > 3.5
2025-07-08 04:07:18,888 - INFO - 361 outliers removed from goalkeeping_kicking using z-score > 3.5
2025-07-08 04:07:18,904 - INFO - 403 outliers removed from goalkeeping_positioning using z-score > 3.5
2025-07-08 04:07:18,923 - INFO - 332 outliers removed from goalkeeping_reflexes using z-score > 3.5
2025-07-08 04:07:20,002 - WARNING - Columns with remaining missing values: ['pace', 'passing', 'dribbling', 'physic', 'movement_acceleration', 'movement_sprint_speed', 'movement_reactions', 'movement_balance', 'power_jumping', 'power_strength', 'mentality_composure', 'goalkeeping_diving', 'goalkeeping_handling', 'goalkeeping_kicking', 'goalkeeping_positioning', 'goalkeeping_reflexes']
2025-07-08 04:07:20,031 - INFO - Filled remaining missing values in pace with median 66.0
2025-07-08 04:07:20,042 - INFO - Filled remaining missing values in passing with median 57.0
2025-07-08 04:07:20,042 - INFO - Filled remaining missing values in dribbling with median 63.0
2025-07-08 04:07:20,054 - INFO - Filled remaining missing values in physic with median 62.0
2025-07-08 04:07:20,059 - INFO - Filled remaining missing values in movement_acceleration with median 66.0
2025-07-08 04:07:20,064 - INFO - Filled remaining missing values in movement_sprint_speed with median 66.0
2025-07-08 04:07:20,074 - INFO - Filled remaining missing values in movement_reactions with median 60.0
2025-07-08 04:07:20,081 - INFO - Filled remaining missing values in movement_balance with median 65.0
2025-07-08 04:07:20,086 - INFO - Filled remaining missing values in power_jumping with median 64.0
2025-07-08 04:07:20,093 - INFO - Filled remaining missing values in power_strength with median 65.0
2025-07-08 04:07:20,098 - INFO - Filled remaining missing values in mentality_composure with median 57.0
2025-07-08 04:07:20,104 - INFO - Filled remaining missing values in goalkeeping_diving with median 11.0
2025-07-08 04:07:20,110 - INFO - Filled remaining missing values in goalkeeping_handling with median 11.0
2025-07-08 04:07:20,115 - INFO - Filled remaining missing values in goalkeeping_kicking with median 11.0
2025-07-08 04:07:20,122 - INFO - Filled remaining missing values in goalkeeping_positioning with median 11.0
2025-07-08 04:07:20,128 - INFO - Filled remaining missing values in goalkeeping_reflexes with median 11.0
2025-07-08 04:07:20,315 - INFO - Completed final quality checks
2025-07-08 04:07:20,328 - INFO - Saved cleaning report to C:\Users\Nanaba\Desktop\football_player_scouting_ml\reports\cleaning_report.json
2025-07-13 16:39:34,929 - INFO - Found 111 columns in dataset
2025-07-13 16:39:34,946 - INFO - Identified 3 financial columns
2025-07-13 16:39:34,948 - INFO - Identified 41 player attribute columns
2025-07-13 16:39:34,949 - INFO - Identified 7 categorical columns
2025-07-13 16:39:34,951 - INFO - Identified 50 irrelevant columns to remove
2025-07-13 16:39:35,123 - INFO - Removed 50 irrelevant columns
2025-07-13 16:39:35,635 - INFO - Removed 96450 duplicate records
2025-07-13 16:39:36,835 - INFO - Dropped 1 columns with >50% missing values
2025-07-13 16:39:37,708 - INFO - 38 outliers removed from pace using z-score > 3.5
2025-07-13 16:39:37,710 - INFO - 1 outliers removed from passing using z-score > 3.5
2025-07-13 16:39:37,710 - INFO - 9 outliers removed from dribbling using z-score > 3.5
2025-07-13 16:39:37,733 - INFO - 6 outliers removed from physic using z-score > 3.5
2025-07-13 16:39:37,770 - INFO - 2 outliers removed from movement_acceleration using z-score > 3.5
2025-07-13 16:39:37,782 - INFO - 2 outliers removed from movement_sprint_speed using z-score > 3.5
2025-07-13 16:39:37,795 - INFO - 14 outliers removed from movement_reactions using z-score > 3.5
2025-07-13 16:39:37,803 - INFO - 5 outliers removed from movement_balance using z-score > 3.5
2025-07-13 16:39:37,817 - INFO - 12 outliers removed from power_jumping using z-score > 3.5
2025-07-13 16:39:37,834 - INFO - 5 outliers removed from power_strength using z-score > 3.5
2025-07-13 16:39:37,867 - INFO - 24 outliers removed from mentality_composure using z-score > 3.5
2025-07-13 16:39:37,886 - INFO - 327 outliers removed from goalkeeping_diving using z-score > 3.5
2025-07-13 16:39:37,900 - INFO - 283 outliers removed from goalkeeping_handling using z-score > 3.5
2025-07-13 16:39:37,900 - INFO - 361 outliers removed from goalkeeping_kicking using z-score > 3.5
2025-07-13 16:39:37,920 - INFO - 403 outliers removed from goalkeeping_positioning using z-score > 3.5
2025-07-13 16:39:37,931 - INFO - 332 outliers removed from goalkeeping_reflexes using z-score > 3.5
2025-07-13 16:39:38,991 - WARNING - Columns with remaining missing values: ['pace', 'passing', 'dribbling', 'physic', 'movement_acceleration', 'movement_sprint_speed', 'movement_reactions', 'movement_balance', 'power_jumping', 'power_strength', 'mentality_composure', 'goalkeeping_diving', 'goalkeeping_handling', 'goalkeeping_kicking', 'goalkeeping_positioning', 'goalkeeping_reflexes']
2025-07-13 16:39:39,009 - INFO - Filled remaining missing values in pace with median 66.0
2025-07-13 16:39:39,012 - INFO - Filled remaining missing values in passing with median 57.0
2025-07-13 16:39:39,012 - INFO - Filled remaining missing values in dribbling with median 63.0
2025-07-13 16:39:39,027 - INFO - Filled remaining missing values in physic with median 62.0
2025-07-13 16:39:39,027 - INFO - Filled remaining missing values in movement_acceleration with median 66.0
2025-07-13 16:39:39,027 - INFO - Filled remaining missing values in movement_sprint_speed with median 66.0
2025-07-13 16:39:39,044 - INFO - Filled remaining missing values in movement_reactions with median 60.0
2025-07-13 16:39:39,044 - INFO - Filled remaining missing values in movement_balance with median 65.0
2025-07-13 16:39:39,044 - INFO - Filled remaining missing values in power_jumping with median 64.0
2025-07-13 16:39:39,062 - INFO - Filled remaining missing values in power_strength with median 65.0
2025-07-13 16:39:39,077 - INFO - Filled remaining missing values in mentality_composure with median 57.0
2025-07-13 16:39:39,077 - INFO - Filled remaining missing values in goalkeeping_diving with median 11.0
2025-07-13 16:39:39,094 - INFO - Filled remaining missing values in goalkeeping_handling with median 11.0
2025-07-13 16:39:39,094 - INFO - Filled remaining missing values in goalkeeping_kicking with median 11.0
2025-07-13 16:39:39,094 - INFO - Filled remaining missing values in goalkeeping_positioning with median 11.0
2025-07-13 16:39:39,110 - INFO - Filled remaining missing values in goalkeeping_reflexes with median 11.0
2025-07-13 16:39:39,201 - INFO - Completed final quality checks
2025-07-13 16:39:39,209 - INFO - Saved cleaning report to C:\Users\Nanaba\Desktop\football_player_scouting_ml\reports\cleaning_report.json
2025-07-13 16:54:27,828 - INFO - Found 111 columns in dataset
2025-07-13 16:54:27,828 - INFO - Identified 3 financial columns
2025-07-13 16:54:27,828 - INFO - Identified 41 player attribute columns
2025-07-13 16:54:27,844 - INFO - Identified 7 categorical columns
2025-07-13 16:54:27,845 - INFO - Identified 50 irrelevant columns to remove
2025-07-13 16:54:28,046 - INFO - Removed 50 irrelevant columns
2025-07-13 16:54:28,515 - INFO - Removed 96450 duplicate records
2025-07-13 16:54:29,760 - INFO - Dropped 1 columns with >50% missing values
2025-07-13 16:54:30,593 - INFO - 38 outliers removed from pace using z-score > 3.5
2025-07-13 16:54:30,612 - INFO - 1 outliers removed from passing using z-score > 3.5
2025-07-13 16:54:30,623 - INFO - 9 outliers removed from dribbling using z-score > 3.5
2025-07-13 16:54:30,640 - INFO - 6 outliers removed from physic using z-score > 3.5
2025-07-13 16:54:30,685 - INFO - 2 outliers removed from movement_acceleration using z-score > 3.5
2025-07-13 16:54:30,694 - INFO - 2 outliers removed from movement_sprint_speed using z-score > 3.5
2025-07-13 16:54:30,834 - INFO - 14 outliers removed from movement_reactions using z-score > 3.5
2025-07-13 16:54:30,967 - INFO - 5 outliers removed from movement_balance using z-score > 3.5
2025-07-13 16:54:30,982 - INFO - 12 outliers removed from power_jumping using z-score > 3.5
2025-07-13 16:54:30,998 - INFO - 5 outliers removed from power_strength using z-score > 3.5
2025-07-13 16:54:31,083 - INFO - 24 outliers removed from mentality_composure using z-score > 3.5
2025-07-13 16:54:31,097 - INFO - 327 outliers removed from goalkeeping_diving using z-score > 3.5
2025-07-13 16:54:31,105 - INFO - 283 outliers removed from goalkeeping_handling using z-score > 3.5
2025-07-13 16:54:31,105 - INFO - 361 outliers removed from goalkeeping_kicking using z-score > 3.5
2025-07-13 16:54:31,123 - INFO - 403 outliers removed from goalkeeping_positioning using z-score > 3.5
2025-07-13 16:54:31,133 - INFO - 332 outliers removed from goalkeeping_reflexes using z-score > 3.5
2025-07-13 16:54:32,190 - WARNING - Columns with remaining missing values: ['pace', 'passing', 'dribbling', 'physic', 'movement_acceleration', 'movement_sprint_speed', 'movement_reactions', 'movement_balance', 'power_jumping', 'power_strength', 'mentality_composure', 'goalkeeping_diving', 'goalkeeping_handling', 'goalkeeping_kicking', 'goalkeeping_positioning', 'goalkeeping_reflexes']
2025-07-13 16:54:32,213 - INFO - Filled remaining missing values in pace with median 66.0
2025-07-13 16:54:32,217 - INFO - Filled remaining missing values in passing with median 57.0
2025-07-13 16:54:32,218 - INFO - Filled remaining missing values in dribbling with median 63.0
2025-07-13 16:54:32,218 - INFO - Filled remaining missing values in physic with median 62.0
2025-07-13 16:54:32,234 - INFO - Filled remaining missing values in movement_acceleration with median 66.0
2025-07-13 16:54:32,234 - INFO - Filled remaining missing values in movement_sprint_speed with median 66.0
2025-07-13 16:54:32,234 - INFO - Filled remaining missing values in movement_reactions with median 60.0
2025-07-13 16:54:32,251 - INFO - Filled remaining missing values in movement_balance with median 65.0
2025-07-13 16:54:32,251 - INFO - Filled remaining missing values in power_jumping with median 64.0
2025-07-13 16:54:32,267 - INFO - Filled remaining missing values in power_strength with median 65.0
2025-07-13 16:54:32,267 - INFO - Filled remaining missing values in mentality_composure with median 57.0
2025-07-13 16:54:32,283 - INFO - Filled remaining missing values in goalkeeping_diving with median 11.0
2025-07-13 16:54:32,284 - INFO - Filled remaining missing values in goalkeeping_handling with median 11.0
2025-07-13 16:54:32,284 - INFO - Filled remaining missing values in goalkeeping_kicking with median 11.0
2025-07-13 16:54:32,284 - INFO - Filled remaining missing values in goalkeeping_positioning with median 11.0
2025-07-13 16:54:32,300 - INFO - Filled remaining missing values in goalkeeping_reflexes with median 11.0
2025-07-13 16:54:32,385 - INFO - Completed final quality checks
2025-07-13 16:54:32,403 - INFO - Saved cleaning report to C:\Users\Nanaba\Desktop\football_player_scouting_ml\reports\cleaning_report.json
2025-07-13 17:07:01,998 - INFO - Found 111 columns in dataset
2025-07-13 17:07:01,999 - INFO - Identified 3 financial columns
2025-07-13 17:07:02,001 - INFO - Identified 41 player attribute columns
2025-07-13 17:07:02,004 - INFO - Identified 7 categorical columns
2025-07-13 17:07:02,006 - INFO - Identified 50 irrelevant columns to remove
2025-07-13 17:07:02,208 - INFO - Removed 50 irrelevant columns
2025-07-13 17:07:02,701 - INFO - Removed 96450 duplicate records
2025-07-13 17:07:03,669 - INFO - Dropped 1 columns with >50% missing values
2025-07-13 17:07:04,502 - INFO - 38 outliers removed from pace using z-score > 3.5
2025-07-13 17:07:04,513 - INFO - 1 outliers removed from passing using z-score > 3.5
2025-07-13 17:07:04,518 - INFO - 9 outliers removed from dribbling using z-score > 3.5
2025-07-13 17:07:04,535 - INFO - 6 outliers removed from physic using z-score > 3.5
2025-07-13 17:07:04,583 - INFO - 2 outliers removed from movement_acceleration using z-score > 3.5
2025-07-13 17:07:04,591 - INFO - 2 outliers removed from movement_sprint_speed using z-score > 3.5
2025-07-13 17:07:04,602 - INFO - 14 outliers removed from movement_reactions using z-score > 3.5
2025-07-13 17:07:04,616 - INFO - 5 outliers removed from movement_balance using z-score > 3.5
2025-07-13 17:07:04,621 - INFO - 12 outliers removed from power_jumping using z-score > 3.5
2025-07-13 17:07:04,637 - INFO - 5 outliers removed from power_strength using z-score > 3.5
2025-07-13 17:07:04,670 - INFO - 24 outliers removed from mentality_composure using z-score > 3.5
2025-07-13 17:07:04,685 - INFO - 327 outliers removed from goalkeeping_diving using z-score > 3.5
2025-07-13 17:07:04,703 - INFO - 283 outliers removed from goalkeeping_handling using z-score > 3.5
2025-07-13 17:07:04,719 - INFO - 361 outliers removed from goalkeeping_kicking using z-score > 3.5
2025-07-13 17:07:04,720 - INFO - 403 outliers removed from goalkeeping_positioning using z-score > 3.5
2025-07-13 17:07:04,737 - INFO - 332 outliers removed from goalkeeping_reflexes using z-score > 3.5
2025-07-13 17:07:05,872 - WARNING - Columns with remaining missing values: ['pace', 'passing', 'dribbling', 'physic', 'movement_acceleration', 'movement_sprint_speed', 'movement_reactions', 'movement_balance', 'power_jumping', 'power_strength', 'mentality_composure', 'goalkeeping_diving', 'goalkeeping_handling', 'goalkeeping_kicking', 'goalkeeping_positioning', 'goalkeeping_reflexes']
2025-07-13 17:07:05,887 - INFO - Filled remaining missing values in pace with median 66.0
2025-07-13 17:07:05,891 - INFO - Filled remaining missing values in passing with median 57.0
2025-07-13 17:07:05,896 - INFO - Filled remaining missing values in dribbling with median 63.0
2025-07-13 17:07:05,898 - INFO - Filled remaining missing values in physic with median 62.0
2025-07-13 17:07:05,898 - INFO - Filled remaining missing values in movement_acceleration with median 66.0
2025-07-13 17:07:05,914 - INFO - Filled remaining missing values in movement_sprint_speed with median 66.0
2025-07-13 17:07:05,914 - INFO - Filled remaining missing values in movement_reactions with median 60.0
2025-07-13 17:07:05,914 - INFO - Filled remaining missing values in movement_balance with median 65.0
2025-07-13 17:07:05,931 - INFO - Filled remaining missing values in power_jumping with median 64.0
2025-07-13 17:07:05,931 - INFO - Filled remaining missing values in power_strength with median 65.0
2025-07-13 17:07:05,947 - INFO - Filled remaining missing values in mentality_composure with median 57.0
2025-07-13 17:07:05,947 - INFO - Filled remaining missing values in goalkeeping_diving with median 11.0
2025-07-13 17:07:05,947 - INFO - Filled remaining missing values in goalkeeping_handling with median 11.0
2025-07-13 17:07:05,964 - INFO - Filled remaining missing values in goalkeeping_kicking with median 11.0
2025-07-13 17:07:05,964 - INFO - Filled remaining missing values in goalkeeping_positioning with median 11.0
2025-07-13 17:07:05,964 - INFO - Filled remaining missing values in goalkeeping_reflexes with median 11.0
2025-07-13 17:07:06,065 - INFO - Completed final quality checks
2025-07-13 17:07:06,077 - INFO - Saved cleaning report to C:\Users\Nanaba\Desktop\football_player_scouting_ml\reports\cleaning_report.json
2025-07-13 17:21:25,929 - INFO - Found 111 columns in dataset
2025-07-13 17:21:25,929 - INFO - Identified 3 financial columns
2025-07-13 17:21:25,939 - INFO - Identified 41 player attribute columns
2025-07-13 17:21:25,941 - INFO - Identified 7 categorical columns
2025-07-13 17:21:25,942 - INFO - Identified 50 irrelevant columns to remove
2025-07-13 17:21:26,103 - INFO - Removed 50 irrelevant columns
2025-07-13 17:21:26,525 - INFO - Removed 96450 duplicate records
2025-07-13 17:21:27,883 - INFO - Dropped 1 columns with >50% missing values
2025-07-13 17:21:28,660 - INFO - 38 outliers removed from pace using z-score > 3.5
2025-07-13 17:21:28,680 - INFO - 1 outliers removed from passing using z-score > 3.5
2025-07-13 17:21:28,691 - INFO - 9 outliers removed from dribbling using z-score > 3.5
2025-07-13 17:21:28,706 - INFO - 6 outliers removed from physic using z-score > 3.5
2025-07-13 17:21:28,757 - INFO - 2 outliers removed from movement_acceleration using z-score > 3.5
2025-07-13 17:21:28,764 - INFO - 2 outliers removed from movement_sprint_speed using z-score > 3.5
2025-07-13 17:21:28,779 - INFO - 14 outliers removed from movement_reactions using z-score > 3.5
2025-07-13 17:21:28,789 - INFO - 5 outliers removed from movement_balance using z-score > 3.5
2025-07-13 17:21:28,795 - INFO - 12 outliers removed from power_jumping using z-score > 3.5
2025-07-13 17:21:28,812 - INFO - 5 outliers removed from power_strength using z-score > 3.5
2025-07-13 17:21:28,846 - INFO - 24 outliers removed from mentality_composure using z-score > 3.5
2025-07-13 17:21:28,860 - INFO - 327 outliers removed from goalkeeping_diving using z-score > 3.5
2025-07-13 17:21:28,878 - INFO - 283 outliers removed from goalkeeping_handling using z-score > 3.5
2025-07-13 17:21:28,891 - INFO - 361 outliers removed from goalkeeping_kicking using z-score > 3.5
2025-07-13 17:21:28,895 - INFO - 403 outliers removed from goalkeeping_positioning using z-score > 3.5
2025-07-13 17:21:28,909 - INFO - 332 outliers removed from goalkeeping_reflexes using z-score > 3.5
2025-07-13 17:21:29,899 - WARNING - Columns with remaining missing values: ['pace', 'passing', 'dribbling', 'physic', 'movement_acceleration', 'movement_sprint_speed', 'movement_reactions', 'movement_balance', 'power_jumping', 'power_strength', 'mentality_composure', 'goalkeeping_diving', 'goalkeeping_handling', 'goalkeeping_kicking', 'goalkeeping_positioning', 'goalkeeping_reflexes']
2025-07-13 17:21:29,926 - INFO - Filled remaining missing values in pace with median 66.0
2025-07-13 17:21:29,926 - INFO - Filled remaining missing values in passing with median 57.0
2025-07-13 17:21:29,941 - INFO - Filled remaining missing values in dribbling with median 63.0
2025-07-13 17:21:29,945 - INFO - Filled remaining missing values in physic with median 62.0
2025-07-13 17:21:29,945 - INFO - Filled remaining missing values in movement_acceleration with median 66.0
2025-07-13 17:21:29,960 - INFO - Filled remaining missing values in movement_sprint_speed with median 66.0
2025-07-13 17:21:29,966 - INFO - Filled remaining missing values in movement_reactions with median 60.0
2025-07-13 17:21:29,973 - INFO - Filled remaining missing values in movement_balance with median 65.0
2025-07-13 17:21:29,981 - INFO - Filled remaining missing values in power_jumping with median 64.0
2025-07-13 17:21:29,990 - INFO - Filled remaining missing values in power_strength with median 65.0
2025-07-13 17:21:29,992 - INFO - Filled remaining missing values in mentality_composure with median 57.0
2025-07-13 17:21:29,992 - INFO - Filled remaining missing values in goalkeeping_diving with median 11.0
2025-07-13 17:21:30,007 - INFO - Filled remaining missing values in goalkeeping_handling with median 11.0
2025-07-13 17:21:30,010 - INFO - Filled remaining missing values in goalkeeping_kicking with median 11.0
2025-07-13 17:21:30,010 - INFO - Filled remaining missing values in goalkeeping_positioning with median 11.0
2025-07-13 17:21:30,022 - INFO - Filled remaining missing values in goalkeeping_reflexes with median 11.0
2025-07-13 17:21:30,107 - INFO - Completed final quality checks
2025-07-13 17:21:30,116 - INFO - Saved cleaning report to C:\Users\Nanaba\Desktop\football_player_scouting_ml\reports\cleaning_report.json
2025-07-13 17:39:14,779 - INFO - Found 111 columns in dataset
2025-07-13 17:39:14,794 - INFO - Identified 3 financial columns
2025-07-13 17:39:14,796 - INFO - Identified 41 player attribute columns
2025-07-13 17:39:14,797 - INFO - Identified 7 categorical columns
2025-07-13 17:39:14,804 - INFO - Identified 50 irrelevant columns to remove
2025-07-13 17:39:14,982 - INFO - Removed 50 irrelevant columns
2025-07-13 17:39:15,420 - INFO - Removed 96450 duplicate records
2025-07-13 17:39:16,657 - INFO - Dropped 1 columns with >50% missing values
2025-07-13 17:39:17,582 - INFO - 38 outliers removed from pace using z-score > 3.5
2025-07-13 17:39:17,604 - INFO - 1 outliers removed from passing using z-score > 3.5
2025-07-13 17:39:17,608 - INFO - 9 outliers removed from dribbling using z-score > 3.5
2025-07-13 17:39:17,626 - INFO - 6 outliers removed from physic using z-score > 3.5
2025-07-13 17:39:17,678 - INFO - 2 outliers removed from movement_acceleration using z-score > 3.5
2025-07-13 17:39:17,686 - INFO - 2 outliers removed from movement_sprint_speed using z-score > 3.5
2025-07-13 17:39:17,691 - INFO - 14 outliers removed from movement_reactions using z-score > 3.5
2025-07-13 17:39:17,704 - INFO - 5 outliers removed from movement_balance using z-score > 3.5
2025-07-13 17:39:17,721 - INFO - 12 outliers removed from power_jumping using z-score > 3.5
2025-07-13 17:39:17,737 - INFO - 5 outliers removed from power_strength using z-score > 3.5
2025-07-13 17:39:17,771 - INFO - 24 outliers removed from mentality_composure using z-score > 3.5
2025-07-13 17:39:17,787 - INFO - 327 outliers removed from goalkeeping_diving using z-score > 3.5
2025-07-13 17:39:17,804 - INFO - 283 outliers removed from goalkeeping_handling using z-score > 3.5
2025-07-13 17:39:17,804 - INFO - 361 outliers removed from goalkeeping_kicking using z-score > 3.5
2025-07-13 17:39:17,821 - INFO - 403 outliers removed from goalkeeping_positioning using z-score > 3.5
2025-07-13 17:39:17,821 - INFO - 332 outliers removed from goalkeeping_reflexes using z-score > 3.5
2025-07-13 17:39:18,810 - WARNING - Columns with remaining missing values: ['pace', 'passing', 'dribbling', 'physic', 'movement_acceleration', 'movement_sprint_speed', 'movement_reactions', 'movement_balance', 'power_jumping', 'power_strength', 'mentality_composure', 'goalkeeping_diving', 'goalkeeping_handling', 'goalkeeping_kicking', 'goalkeeping_positioning', 'goalkeeping_reflexes']
2025-07-13 17:39:18,823 - INFO - Filled remaining missing values in pace with median 66.0
2025-07-13 17:39:18,823 - INFO - Filled remaining missing values in passing with median 57.0
2025-07-13 17:39:18,837 - INFO - Filled remaining missing values in dribbling with median 63.0
2025-07-13 17:39:18,837 - INFO - Filled remaining missing values in physic with median 62.0
2025-07-13 17:39:18,837 - INFO - Filled remaining missing values in movement_acceleration with median 66.0
2025-07-13 17:39:18,854 - INFO - Filled remaining missing values in movement_sprint_speed with median 66.0
2025-07-13 17:39:18,854 - INFO - Filled remaining missing values in movement_reactions with median 60.0
2025-07-13 17:39:18,854 - INFO - Filled remaining missing values in movement_balance with median 65.0
2025-07-13 17:39:18,871 - INFO - Filled remaining missing values in power_jumping with median 64.0
2025-07-13 17:39:18,887 - INFO - Filled remaining missing values in power_strength with median 65.0
2025-07-13 17:39:18,887 - INFO - Filled remaining missing values in mentality_composure with median 57.0
2025-07-13 17:39:18,904 - INFO - Filled remaining missing values in goalkeeping_diving with median 11.0
2025-07-13 17:39:18,904 - INFO - Filled remaining missing values in goalkeeping_handling with median 11.0
2025-07-13 17:39:18,904 - INFO - Filled remaining missing values in goalkeeping_kicking with median 11.0
2025-07-13 17:39:18,920 - INFO - Filled remaining missing values in goalkeeping_positioning with median 11.0
2025-07-13 17:39:18,920 - INFO - Filled remaining missing values in goalkeeping_reflexes with median 11.0
2025-07-13 17:39:19,005 - INFO - Completed final quality checks
2025-07-13 17:39:19,022 - INFO - Saved cleaning report to C:\Users\Nanaba\Desktop\football_player_scouting_ml\reports\cleaning_report.json
2025-07-13 17:51:01,466 - INFO - Found 111 columns in dataset
2025-07-13 17:51:01,468 - INFO - Identified 3 financial columns
2025-07-13 17:51:01,472 - INFO - Identified 41 player attribute columns
2025-07-13 17:51:01,474 - INFO - Identified 7 categorical columns
2025-07-13 17:51:01,480 - INFO - Identified 50 irrelevant columns to remove
2025-07-13 17:51:01,709 - INFO - Removed 50 irrelevant columns
2025-07-13 17:51:02,255 - INFO - Removed 96450 duplicate records
2025-07-13 17:51:03,872 - INFO - Dropped 1 columns with >50% missing values
2025-07-13 17:51:05,015 - INFO - 38 outliers removed from pace using z-score > 3.5
2025-07-13 17:51:05,026 - INFO - 1 outliers removed from passing using z-score > 3.5
2025-07-13 17:51:05,042 - INFO - 9 outliers removed from dribbling using z-score > 3.5
2025-07-13 17:51:05,060 - INFO - 6 outliers removed from physic using z-score > 3.5
2025-07-13 17:51:05,121 - INFO - 2 outliers removed from movement_acceleration using z-score > 3.5
2025-07-13 17:51:05,131 - INFO - 2 outliers removed from movement_sprint_speed using z-score > 3.5
2025-07-13 17:51:05,144 - INFO - 14 outliers removed from movement_reactions using z-score > 3.5
2025-07-13 17:51:05,158 - INFO - 5 outliers removed from movement_balance using z-score > 3.5
2025-07-13 17:51:05,186 - INFO - 12 outliers removed from power_jumping using z-score > 3.5
2025-07-13 17:51:05,212 - INFO - 5 outliers removed from power_strength using z-score > 3.5
2025-07-13 17:51:05,266 - INFO - 24 outliers removed from mentality_composure using z-score > 3.5
2025-07-13 17:51:05,282 - INFO - 327 outliers removed from goalkeeping_diving using z-score > 3.5
2025-07-13 17:51:05,296 - INFO - 283 outliers removed from goalkeeping_handling using z-score > 3.5
2025-07-13 17:51:05,311 - INFO - 361 outliers removed from goalkeeping_kicking using z-score > 3.5
2025-07-13 17:51:05,322 - INFO - 403 outliers removed from goalkeeping_positioning using z-score > 3.5
2025-07-13 17:51:05,327 - INFO - 332 outliers removed from goalkeeping_reflexes using z-score > 3.5
2025-07-13 17:51:06,523 - WARNING - Columns with remaining missing values: ['pace', 'passing', 'dribbling', 'physic', 'movement_acceleration', 'movement_sprint_speed', 'movement_reactions', 'movement_balance', 'power_jumping', 'power_strength', 'mentality_composure', 'goalkeeping_diving', 'goalkeeping_handling', 'goalkeeping_kicking', 'goalkeeping_positioning', 'goalkeeping_reflexes']
2025-07-13 17:51:06,547 - INFO - Filled remaining missing values in pace with median 66.0
2025-07-13 17:51:06,565 - INFO - Filled remaining missing values in passing with median 57.0
2025-07-13 17:51:06,574 - INFO - Filled remaining missing values in dribbling with median 63.0
2025-07-13 17:51:06,584 - INFO - Filled remaining missing values in physic with median 62.0
2025-07-13 17:51:06,592 - INFO - Filled remaining missing values in movement_acceleration with median 66.0
2025-07-13 17:51:06,599 - INFO - Filled remaining missing values in movement_sprint_speed with median 66.0
2025-07-13 17:51:06,610 - INFO - Filled remaining missing values in movement_reactions with median 60.0
2025-07-13 17:51:06,610 - INFO - Filled remaining missing values in movement_balance with median 65.0
2025-07-13 17:51:06,627 - INFO - Filled remaining missing values in power_jumping with median 64.0
2025-07-13 17:51:06,627 - INFO - Filled remaining missing values in power_strength with median 65.0
2025-07-13 17:51:06,642 - INFO - Filled remaining missing values in mentality_composure with median 57.0
2025-07-13 17:51:06,642 - INFO - Filled remaining missing values in goalkeeping_diving with median 11.0
2025-07-13 17:51:06,657 - INFO - Filled remaining missing values in goalkeeping_handling with median 11.0
2025-07-13 17:51:06,657 - INFO - Filled remaining missing values in goalkeeping_kicking with median 11.0
2025-07-13 17:51:06,670 - INFO - Filled remaining missing values in goalkeeping_positioning with median 11.0
2025-07-13 17:51:06,675 - INFO - Filled remaining missing values in goalkeeping_reflexes with median 11.0
2025-07-13 17:51:06,769 - INFO - Completed final quality checks
2025-07-13 17:51:06,781 - INFO - Saved cleaning report to C:\Users\Nanaba\Desktop\football_player_scouting_ml\reports\cleaning_report.json
2025-07-14 15:47:19,811 - INFO - Found 111 columns in dataset
2025-07-14 15:47:19,827 - INFO - Identified 3 financial columns
2025-07-14 15:47:19,833 - INFO - Identified 41 player attribute columns
2025-07-14 15:47:19,838 - INFO - Identified 7 categorical columns
2025-07-14 15:47:19,838 - INFO - Identified 50 irrelevant columns to remove
2025-07-14 15:47:20,042 - INFO - Removed 50 irrelevant columns
2025-07-14 15:47:20,570 - INFO - Removed 96450 duplicate records
2025-07-14 15:47:21,718 - INFO - Dropped 1 columns with >50% missing values
2025-07-14 15:47:22,748 - INFO - 38 outliers removed from pace using z-score > 3.5
2025-07-14 15:47:22,760 - INFO - 1 outliers removed from passing using z-score > 3.5
2025-07-14 15:47:22,769 - INFO - 9 outliers removed from dribbling using z-score > 3.5
2025-07-14 15:47:22,784 - INFO - 6 outliers removed from physic using z-score > 3.5
2025-07-14 15:47:22,835 - INFO - 2 outliers removed from movement_acceleration using z-score > 3.5
2025-07-14 15:47:22,843 - INFO - 2 outliers removed from movement_sprint_speed using z-score > 3.5
2025-07-14 15:47:22,849 - INFO - 14 outliers removed from movement_reactions using z-score > 3.5
2025-07-14 15:47:22,864 - INFO - 5 outliers removed from movement_balance using z-score > 3.5
2025-07-14 15:47:22,880 - INFO - 12 outliers removed from power_jumping using z-score > 3.5
2025-07-14 15:47:22,886 - INFO - 5 outliers removed from power_strength using z-score > 3.5
2025-07-14 15:47:22,930 - INFO - 24 outliers removed from mentality_composure using z-score > 3.5
2025-07-14 15:47:22,948 - INFO - 327 outliers removed from goalkeeping_diving using z-score > 3.5
2025-07-14 15:47:22,963 - INFO - 283 outliers removed from goalkeeping_handling using z-score > 3.5
2025-07-14 15:47:22,969 - INFO - 361 outliers removed from goalkeeping_kicking using z-score > 3.5
2025-07-14 15:47:22,987 - INFO - 403 outliers removed from goalkeeping_positioning using z-score > 3.5
2025-07-14 15:47:22,998 - INFO - 332 outliers removed from goalkeeping_reflexes using z-score > 3.5
2025-07-14 15:47:24,107 - WARNING - Columns with remaining missing values: ['pace', 'passing', 'dribbling', 'physic', 'movement_acceleration', 'movement_sprint_speed', 'movement_reactions', 'movement_balance', 'power_jumping', 'power_strength', 'mentality_composure', 'goalkeeping_diving', 'goalkeeping_handling', 'goalkeeping_kicking', 'goalkeeping_positioning', 'goalkeeping_reflexes']
2025-07-14 15:47:24,135 - INFO - Filled remaining missing values in pace with median 66.0
2025-07-14 15:47:24,135 - INFO - Filled remaining missing values in passing with median 57.0
2025-07-14 15:47:24,155 - INFO - Filled remaining missing values in dribbling with median 63.0
2025-07-14 15:47:24,155 - INFO - Filled remaining missing values in physic with median 62.0
2025-07-14 15:47:24,406 - INFO - Filled remaining missing values in movement_acceleration with median 66.0
2025-07-14 15:47:24,421 - INFO - Filled remaining missing values in movement_sprint_speed with median 66.0
2025-07-14 15:47:24,421 - INFO - Filled remaining missing values in movement_reactions with median 60.0
2025-07-14 15:47:24,437 - INFO - Filled remaining missing values in movement_balance with median 65.0
2025-07-14 15:47:24,437 - INFO - Filled remaining missing values in power_jumping with median 64.0
2025-07-14 15:47:24,437 - INFO - Filled remaining missing values in power_strength with median 65.0
2025-07-14 15:47:24,494 - INFO - Filled remaining missing values in mentality_composure with median 57.0
2025-07-14 15:47:24,508 - INFO - Filled remaining missing values in goalkeeping_diving with median 11.0
2025-07-14 15:47:24,515 - INFO - Filled remaining missing values in goalkeeping_handling with median 11.0
2025-07-14 15:47:24,515 - INFO - Filled remaining missing values in goalkeeping_kicking with median 11.0
2025-07-14 15:47:24,515 - INFO - Filled remaining missing values in goalkeeping_positioning with median 11.0
2025-07-14 15:47:24,601 - INFO - Filled remaining missing values in goalkeeping_reflexes with median 11.0
2025-07-14 15:47:24,681 - INFO - Completed final quality checks
2025-07-14 15:47:24,706 - INFO - Saved cleaning report to C:\Users\Nanaba\Desktop\football_player_scouting_ml\reports\cleaning_report.json
2025-07-24 07:30:05,209 - INFO - Found 111 columns in dataset
2025-07-24 07:30:05,211 - INFO - Identified 3 financial columns
2025-07-24 07:30:05,214 - INFO - Identified 41 player attribute columns
2025-07-24 07:30:05,217 - INFO - Identified 7 categorical columns
2025-07-24 07:30:05,222 - INFO - Identified 50 irrelevant columns to remove
2025-07-24 07:30:05,393 - INFO - Removed 50 irrelevant columns
2025-07-24 07:30:05,800 - INFO - Removed 96450 duplicate records
2025-07-24 07:30:07,220 - INFO - Dropped 1 columns with >50% missing values
2025-07-24 07:30:08,002 - INFO - 38 outliers removed from pace using z-score > 3.5
2025-07-24 07:30:08,015 - INFO - 1 outliers removed from passing using z-score > 3.5
2025-07-24 07:30:08,023 - INFO - 9 outliers removed from dribbling using z-score > 3.5
2025-07-24 07:30:08,038 - INFO - 6 outliers removed from physic using z-score > 3.5
2025-07-24 07:30:08,078 - INFO - 2 outliers removed from movement_acceleration using z-score > 3.5
2025-07-24 07:30:08,089 - INFO - 2 outliers removed from movement_sprint_speed using z-score > 3.5
2025-07-24 07:30:08,101 - INFO - 14 outliers removed from movement_reactions using z-score > 3.5
2025-07-24 07:30:08,128 - INFO - 5 outliers removed from movement_balance using z-score > 3.5
2025-07-24 07:30:08,140 - INFO - 12 outliers removed from power_jumping using z-score > 3.5
2025-07-24 07:30:08,160 - INFO - 5 outliers removed from power_strength using z-score > 3.5
2025-07-24 07:30:08,185 - INFO - 24 outliers removed from mentality_composure using z-score > 3.5
2025-07-24 07:30:08,201 - INFO - 327 outliers removed from goalkeeping_diving using z-score > 3.5
2025-07-24 07:30:08,216 - INFO - 283 outliers removed from goalkeeping_handling using z-score > 3.5
2025-07-24 07:30:08,226 - INFO - 361 outliers removed from goalkeeping_kicking using z-score > 3.5
2025-07-24 07:30:08,237 - INFO - 403 outliers removed from goalkeeping_positioning using z-score > 3.5
2025-07-24 07:30:08,245 - INFO - 332 outliers removed from goalkeeping_reflexes using z-score > 3.5
2025-07-24 07:30:09,088 - WARNING - Columns with remaining missing values: ['pace', 'passing', 'dribbling', 'physic', 'movement_acceleration', 'movement_sprint_speed', 'movement_reactions', 'movement_balance', 'power_jumping', 'power_strength', 'mentality_composure', 'goalkeeping_diving', 'goalkeeping_handling', 'goalkeeping_kicking', 'goalkeeping_positioning', 'goalkeeping_reflexes']
2025-07-24 07:30:09,105 - INFO - Filled remaining missing values in pace with median 66.0
2025-07-24 07:30:09,109 - INFO - Filled remaining missing values in passing with median 57.0
2025-07-24 07:30:09,120 - INFO - Filled remaining missing values in dribbling with median 63.0
2025-07-24 07:30:09,131 - INFO - Filled remaining missing values in physic with median 62.0
2025-07-24 07:30:09,139 - INFO - Filled remaining missing values in movement_acceleration with median 66.0
2025-07-24 07:30:09,144 - INFO - Filled remaining missing values in movement_sprint_speed with median 66.0
2025-07-24 07:30:09,153 - INFO - Filled remaining missing values in movement_reactions with median 60.0
2025-07-24 07:30:09,157 - INFO - Filled remaining missing values in movement_balance with median 65.0
2025-07-24 07:30:09,164 - INFO - Filled remaining missing values in power_jumping with median 64.0
2025-07-24 07:30:09,171 - INFO - Filled remaining missing values in power_strength with median 65.0
2025-07-24 07:30:09,175 - INFO - Filled remaining missing values in mentality_composure with median 57.0
2025-07-24 07:30:09,182 - INFO - Filled remaining missing values in goalkeeping_diving with median 11.0
2025-07-24 07:30:09,186 - INFO - Filled remaining missing values in goalkeeping_handling with median 11.0
2025-07-24 07:30:09,190 - INFO - Filled remaining missing values in goalkeeping_kicking with median 11.0
2025-07-24 07:30:09,194 - INFO - Filled remaining missing values in goalkeeping_positioning with median 11.0
2025-07-24 07:30:09,199 - INFO - Filled remaining missing values in goalkeeping_reflexes with median 11.0
2025-07-24 07:30:09,276 - INFO - Completed final quality checks
2025-07-24 07:30:09,283 - INFO - Saved cleaning report to C:\Users\Nanaba\Desktop\football_player_scouting_ml\reports\cleaning_report.json
2025-07-24 07:38:26,315 - INFO - Found 111 columns in dataset
2025-07-24 07:38:26,317 - INFO - Identified 3 financial columns
2025-07-24 07:38:26,320 - INFO - Identified 41 player attribute columns
2025-07-24 07:38:26,322 - INFO - Identified 7 categorical columns
2025-07-24 07:38:26,325 - INFO - Identified 50 irrelevant columns to remove
2025-07-24 07:38:26,467 - INFO - Removed 50 irrelevant columns
2025-07-24 07:38:26,782 - INFO - Removed 96450 duplicate records
2025-07-24 07:38:27,502 - INFO - Dropped 1 columns with >50% missing values
2025-07-24 07:38:28,033 - INFO - 38 outliers removed from pace using z-score > 3.5
2025-07-24 07:38:28,042 - INFO - 1 outliers removed from passing using z-score > 3.5
2025-07-24 07:38:28,048 - INFO - 9 outliers removed from dribbling using z-score > 3.5
2025-07-24 07:38:28,056 - INFO - 6 outliers removed from physic using z-score > 3.5
2025-07-24 07:38:28,077 - INFO - 2 outliers removed from movement_acceleration using z-score > 3.5
2025-07-24 07:38:28,085 - INFO - 2 outliers removed from movement_sprint_speed using z-score > 3.5
2025-07-24 07:38:28,093 - INFO - 14 outliers removed from movement_reactions using z-score > 3.5
2025-07-24 07:38:28,099 - INFO - 5 outliers removed from movement_balance using z-score > 3.5
2025-07-24 07:38:28,105 - INFO - 12 outliers removed from power_jumping using z-score > 3.5
2025-07-24 07:38:28,105 - INFO - 5 outliers removed from power_strength using z-score > 3.5
2025-07-24 07:38:28,133 - INFO - 24 outliers removed from mentality_composure using z-score > 3.5
2025-07-24 07:38:28,145 - INFO - 327 outliers removed from goalkeeping_diving using z-score > 3.5
2025-07-24 07:38:28,151 - INFO - 283 outliers removed from goalkeeping_handling using z-score > 3.5
2025-07-24 07:38:28,155 - INFO - 361 outliers removed from goalkeeping_kicking using z-score > 3.5
2025-07-24 07:38:28,155 - INFO - 403 outliers removed from goalkeeping_positioning using z-score > 3.5
2025-07-24 07:38:28,155 - INFO - 332 outliers removed from goalkeeping_reflexes using z-score > 3.5
2025-07-24 07:38:28,797 - WARNING - Columns with remaining missing values: ['pace', 'passing', 'dribbling', 'physic', 'movement_acceleration', 'movement_sprint_speed', 'movement_reactions', 'movement_balance', 'power_jumping', 'power_strength', 'mentality_composure', 'goalkeeping_diving', 'goalkeeping_handling', 'goalkeeping_kicking', 'goalkeeping_positioning', 'goalkeeping_reflexes']
2025-07-24 07:38:28,810 - INFO - Filled remaining missing values in pace with median 66.0
2025-07-24 07:38:28,813 - INFO - Filled remaining missing values in passing with median 57.0
2025-07-24 07:38:28,818 - INFO - Filled remaining missing values in dribbling with median 63.0
2025-07-24 07:38:28,823 - INFO - Filled remaining missing values in physic with median 62.0
2025-07-24 07:38:28,827 - INFO - Filled remaining missing values in movement_acceleration with median 66.0
2025-07-24 07:38:28,832 - INFO - Filled remaining missing values in movement_sprint_speed with median 66.0
2025-07-24 07:38:28,837 - INFO - Filled remaining missing values in movement_reactions with median 60.0
2025-07-24 07:38:28,844 - INFO - Filled remaining missing values in movement_balance with median 65.0
2025-07-24 07:38:28,849 - INFO - Filled remaining missing values in power_jumping with median 64.0
2025-07-24 07:38:28,853 - INFO - Filled remaining missing values in power_strength with median 65.0
2025-07-24 07:38:28,859 - INFO - Filled remaining missing values in mentality_composure with median 57.0
2025-07-24 07:38:28,863 - INFO - Filled remaining missing values in goalkeeping_diving with median 11.0
2025-07-24 07:38:28,868 - INFO - Filled remaining missing values in goalkeeping_handling with median 11.0
2025-07-24 07:38:28,872 - INFO - Filled remaining missing values in goalkeeping_kicking with median 11.0
2025-07-24 07:38:28,876 - INFO - Filled remaining missing values in goalkeeping_positioning with median 11.0
2025-07-24 07:38:28,882 - INFO - Filled remaining missing values in goalkeeping_reflexes with median 11.0
2025-07-24 07:38:28,939 - INFO - Completed final quality checks
2025-07-24 07:38:28,939 - INFO - Saved cleaning report to C:\Users\Nanaba\Desktop\football_player_scouting_ml\reports\cleaning_report.json
2025-07-24 09:47:31,884 - INFO - Found 111 columns in dataset
2025-07-24 09:47:31,889 - INFO - Identified 3 financial columns
2025-07-24 09:47:31,894 - INFO - Identified 41 player attribute columns
2025-07-24 09:47:31,899 - INFO - Identified 7 categorical columns
2025-07-24 09:47:31,901 - INFO - Identified 50 irrelevant columns to remove
2025-07-24 09:47:32,164 - INFO - Removed 50 irrelevant columns
2025-07-24 09:47:32,558 - INFO - Removed 96450 duplicate records
2025-07-24 09:47:33,333 - INFO - Dropped 1 columns with >50% missing values
2025-07-24 09:47:33,927 - INFO - 38 outliers removed from pace using z-score > 3.5
2025-07-24 09:47:33,938 - INFO - 1 outliers removed from passing using z-score > 3.5
2025-07-24 09:47:33,944 - INFO - 9 outliers removed from dribbling using z-score > 3.5
2025-07-24 09:47:33,959 - INFO - 6 outliers removed from physic using z-score > 3.5
2025-07-24 09:47:33,985 - INFO - 2 outliers removed from movement_acceleration using z-score > 3.5
2025-07-24 09:47:33,994 - INFO - 2 outliers removed from movement_sprint_speed using z-score > 3.5
2025-07-24 09:47:34,004 - INFO - 14 outliers removed from movement_reactions using z-score > 3.5
2025-07-24 09:47:34,014 - INFO - 5 outliers removed from movement_balance using z-score > 3.5
2025-07-24 09:47:34,024 - INFO - 12 outliers removed from power_jumping using z-score > 3.5
2025-07-24 09:47:34,036 - INFO - 5 outliers removed from power_strength using z-score > 3.5
2025-07-24 09:47:34,054 - INFO - 24 outliers removed from mentality_composure using z-score > 3.5
2025-07-24 09:47:34,074 - INFO - 327 outliers removed from goalkeeping_diving using z-score > 3.5
2025-07-24 09:47:34,085 - INFO - 283 outliers removed from goalkeeping_handling using z-score > 3.5
2025-07-24 09:47:34,094 - INFO - 361 outliers removed from goalkeeping_kicking using z-score > 3.5
2025-07-24 09:47:34,104 - INFO - 403 outliers removed from goalkeeping_positioning using z-score > 3.5
2025-07-24 09:47:34,104 - INFO - 332 outliers removed from goalkeeping_reflexes using z-score > 3.5
2025-07-24 09:47:34,754 - WARNING - Columns with remaining missing values: ['pace', 'passing', 'dribbling', 'physic', 'movement_acceleration', 'movement_sprint_speed', 'movement_reactions', 'movement_balance', 'power_jumping', 'power_strength', 'mentality_composure', 'goalkeeping_diving', 'goalkeeping_handling', 'goalkeeping_kicking', 'goalkeeping_positioning', 'goalkeeping_reflexes']
2025-07-24 09:47:34,774 - INFO - Filled remaining missing values in pace with median 66.0
2025-07-24 09:47:34,781 - INFO - Filled remaining missing values in passing with median 57.0
2025-07-24 09:47:34,786 - INFO - Filled remaining missing values in dribbling with median 63.0
2025-07-24 09:47:34,794 - INFO - Filled remaining missing values in physic with median 62.0
2025-07-24 09:47:34,799 - INFO - Filled remaining missing values in movement_acceleration with median 66.0
2025-07-24 09:47:34,807 - INFO - Filled remaining missing values in movement_sprint_speed with median 66.0
2025-07-24 09:47:34,814 - INFO - Filled remaining missing values in movement_reactions with median 60.0
2025-07-24 09:47:34,823 - INFO - Filled remaining missing values in movement_balance with median 65.0
2025-07-24 09:47:34,823 - INFO - Filled remaining missing values in power_jumping with median 64.0
2025-07-24 09:47:34,834 - INFO - Filled remaining missing values in power_strength with median 65.0
2025-07-24 09:47:34,834 - INFO - Filled remaining missing values in mentality_composure with median 57.0
2025-07-24 09:47:34,844 - INFO - Filled remaining missing values in goalkeeping_diving with median 11.0
2025-07-24 09:47:34,850 - INFO - Filled remaining missing values in goalkeeping_handling with median 11.0
2025-07-24 09:47:34,854 - INFO - Filled remaining missing values in goalkeeping_kicking with median 11.0
2025-07-24 09:47:34,854 - INFO - Filled remaining missing values in goalkeeping_positioning with median 11.0
2025-07-24 09:47:34,864 - INFO - Filled remaining missing values in goalkeeping_reflexes with median 11.0
2025-07-24 09:47:34,924 - INFO - Completed final quality checks
2025-07-24 09:47:34,930 - INFO - Saved cleaning report to C:\Users\Nanaba\Desktop\football_player_scouting_ml\reports\cleaning_report.json
2025-07-24 09:57:53,025 - INFO - Found 111 columns in dataset
2025-07-24 09:57:53,025 - INFO - Identified 3 financial columns
2025-07-24 09:57:53,028 - INFO - Identified 41 player attribute columns
2025-07-24 09:57:53,028 - INFO - Identified 7 categorical columns
2025-07-24 09:57:53,028 - INFO - Identified 50 irrelevant columns to remove
2025-07-24 09:57:53,254 - INFO - Removed 50 irrelevant columns
2025-07-24 09:57:53,639 - INFO - Removed 96450 duplicate records
2025-07-24 09:57:54,574 - INFO - Dropped 1 columns with >50% missing values
2025-07-24 09:57:55,133 - INFO - 38 outliers removed from pace using z-score > 3.5
2025-07-24 09:57:55,146 - INFO - 1 outliers removed from passing using z-score > 3.5
2025-07-24 09:57:55,151 - INFO - 9 outliers removed from dribbling using z-score > 3.5
2025-07-24 09:57:55,164 - INFO - 6 outliers removed from physic using z-score > 3.5
2025-07-24 09:57:55,214 - INFO - 2 outliers removed from movement_acceleration using z-score > 3.5
2025-07-24 09:57:55,223 - INFO - 2 outliers removed from movement_sprint_speed using z-score > 3.5
2025-07-24 09:57:55,234 - INFO - 14 outliers removed from movement_reactions using z-score > 3.5
2025-07-24 09:57:55,244 - INFO - 5 outliers removed from movement_balance using z-score > 3.5
2025-07-24 09:57:55,258 - INFO - 12 outliers removed from power_jumping using z-score > 3.5
2025-07-24 09:57:55,272 - INFO - 5 outliers removed from power_strength using z-score > 3.5
2025-07-24 09:57:55,294 - INFO - 24 outliers removed from mentality_composure using z-score > 3.5
2025-07-24 09:57:55,314 - INFO - 327 outliers removed from goalkeeping_diving using z-score > 3.5
2025-07-24 09:57:55,326 - INFO - 283 outliers removed from goalkeeping_handling using z-score > 3.5
2025-07-24 09:57:55,334 - INFO - 361 outliers removed from goalkeeping_kicking using z-score > 3.5
2025-07-24 09:57:55,344 - INFO - 403 outliers removed from goalkeeping_positioning using z-score > 3.5
2025-07-24 09:57:55,352 - INFO - 332 outliers removed from goalkeeping_reflexes using z-score > 3.5
2025-07-24 09:57:56,049 - WARNING - Columns with remaining missing values: ['pace', 'passing', 'dribbling', 'physic', 'movement_acceleration', 'movement_sprint_speed', 'movement_reactions', 'movement_balance', 'power_jumping', 'power_strength', 'mentality_composure', 'goalkeeping_diving', 'goalkeeping_handling', 'goalkeeping_kicking', 'goalkeeping_positioning', 'goalkeeping_reflexes']
2025-07-24 09:57:56,054 - INFO - Filled remaining missing values in pace with median 66.0
2025-07-24 09:57:56,063 - INFO - Filled remaining missing values in passing with median 57.0
2025-07-24 09:57:56,067 - INFO - Filled remaining missing values in dribbling with median 63.0
2025-07-24 09:57:56,072 - INFO - Filled remaining missing values in physic with median 62.0
2025-07-24 09:57:56,078 - INFO - Filled remaining missing values in movement_acceleration with median 66.0
2025-07-24 09:57:56,084 - INFO - Filled remaining missing values in movement_sprint_speed with median 66.0
2025-07-24 09:57:56,094 - INFO - Filled remaining missing values in movement_reactions with median 60.0
2025-07-24 09:57:56,108 - INFO - Filled remaining missing values in movement_balance with median 65.0
2025-07-24 09:57:56,114 - INFO - Filled remaining missing values in power_jumping with median 64.0
2025-07-24 09:57:56,121 - INFO - Filled remaining missing values in power_strength with median 65.0
2025-07-24 09:57:56,127 - INFO - Filled remaining missing values in mentality_composure with median 57.0
2025-07-24 09:57:56,127 - INFO - Filled remaining missing values in goalkeeping_diving with median 11.0
2025-07-24 09:57:56,135 - INFO - Filled remaining missing values in goalkeeping_handling with median 11.0
2025-07-24 09:57:56,141 - INFO - Filled remaining missing values in goalkeeping_kicking with median 11.0
2025-07-24 09:57:56,145 - INFO - Filled remaining missing values in goalkeeping_positioning with median 11.0
2025-07-24 09:57:56,149 - INFO - Filled remaining missing values in goalkeeping_reflexes with median 11.0
2025-07-24 09:57:56,203 - INFO - Completed final quality checks
2025-07-24 09:57:56,208 - INFO - Saved cleaning report to C:\Users\Nanaba\Desktop\football_player_scouting_ml\reports\cleaning_report.json
2025-07-26 07:54:08,216 - INFO - Found 111 columns in dataset
2025-07-26 07:54:08,229 - INFO - Identified 3 financial columns
2025-07-26 07:54:08,230 - INFO - Identified 41 player attribute columns
2025-07-26 07:54:08,232 - INFO - Identified 7 categorical columns
2025-07-26 07:54:08,232 - INFO - Identified 49 irrelevant columns to remove
2025-07-26 07:54:08,385 - INFO - Removed 49 irrelevant columns
2025-07-26 07:54:08,758 - INFO - Removed 96450 duplicate records
2025-07-26 07:54:09,520 - INFO - Dropped 1 columns with >50% missing values
2025-07-26 07:54:10,122 - WARNING - Filling remaining missing values in: ['club_joined']
2025-07-26 07:54:10,302 - INFO - 38 outliers removed from pace using z-score > 3.5
2025-07-26 07:54:10,322 - INFO - 1 outliers removed from passing using z-score > 3.5
2025-07-26 07:54:10,322 - INFO - 9 outliers removed from dribbling using z-score > 3.5
2025-07-26 07:54:10,338 - INFO - 6 outliers removed from physic using z-score > 3.5
2025-07-26 07:54:10,372 - INFO - 2 outliers removed from movement_acceleration using z-score > 3.5
2025-07-26 07:54:10,388 - INFO - 7 outliers removed from movement_sprint_speed using z-score > 3.5
2025-07-26 07:54:10,388 - INFO - 11 outliers removed from movement_reactions using z-score > 3.5
2025-07-26 07:54:10,405 - INFO - 5 outliers removed from movement_balance using z-score > 3.5
2025-07-26 07:54:10,421 - INFO - 10 outliers removed from power_jumping using z-score > 3.5
2025-07-26 07:54:10,421 - INFO - 4 outliers removed from power_strength using z-score > 3.5
2025-07-26 07:54:10,455 - INFO - 23 outliers removed from mentality_composure using z-score > 3.5
2025-07-26 07:54:10,472 - INFO - 268 outliers removed from goalkeeping_diving using z-score > 3.5
2025-07-26 07:54:10,472 - INFO - 292 outliers removed from goalkeeping_handling using z-score > 3.5
2025-07-26 07:54:10,488 - INFO - 306 outliers removed from goalkeeping_kicking using z-score > 3.5
2025-07-26 07:54:10,488 - INFO - 406 outliers removed from goalkeeping_positioning using z-score > 3.5
2025-07-26 07:54:10,505 - INFO - 275 outliers removed from goalkeeping_reflexes using z-score > 3.5
2025-07-26 07:54:11,443 - WARNING - Columns with remaining missing values: ['pace', 'passing', 'dribbling', 'physic', 'movement_acceleration', 'movement_sprint_speed', 'movement_reactions', 'movement_balance', 'power_jumping', 'power_strength', 'mentality_composure', 'goalkeeping_diving', 'goalkeeping_handling', 'goalkeeping_kicking', 'goalkeeping_positioning', 'goalkeeping_reflexes']
2025-07-26 07:54:11,463 - INFO - Filled remaining missing values in pace with median 66.0
2025-07-26 07:54:11,473 - INFO - Filled remaining missing values in passing with median 57.0
2025-07-26 07:54:11,477 - INFO - Filled remaining missing values in dribbling with median 63.0
2025-07-26 07:54:11,479 - INFO - Filled remaining missing values in physic with median 62.0
2025-07-26 07:54:11,491 - INFO - Filled remaining missing values in movement_acceleration with median 66.0
2025-07-26 07:54:11,497 - INFO - Filled remaining missing values in movement_sprint_speed with median 66.0
2025-07-26 07:54:11,506 - INFO - Filled remaining missing values in movement_reactions with median 60.0
2025-07-26 07:54:11,515 - INFO - Filled remaining missing values in movement_balance with median 65.0
2025-07-26 07:54:11,523 - INFO - Filled remaining missing values in power_jumping with median 64.0
2025-07-26 07:54:11,527 - INFO - Filled remaining missing values in power_strength with median 65.0
2025-07-26 07:54:11,527 - INFO - Filled remaining missing values in mentality_composure with median 57.0
2025-07-26 07:54:11,527 - INFO - Filled remaining missing values in goalkeeping_diving with median 11.0
2025-07-26 07:54:11,541 - INFO - Filled remaining missing values in goalkeeping_handling with median 11.0
2025-07-26 07:54:11,541 - INFO - Filled remaining missing values in goalkeeping_kicking with median 11.0
2025-07-26 07:54:11,685 - INFO - Filled remaining missing values in goalkeeping_positioning with median 11.0
2025-07-26 07:54:11,685 - INFO - Filled remaining missing values in goalkeeping_reflexes with median 11.0
2025-07-26 07:54:11,788 - INFO - Completed final quality checks
2025-07-26 07:54:11,804 - INFO - Saved cleaning report to C:\Users\Nanaba\Desktop\football_player_scouting_ml\reports\cleaning_report.json
